21:15:10 **** Incremental Build of configuration Debug for project MCU-Assignment ****
make -j4 all 
arm-none-eabi-gcc "../Core/Src/button.c" -mcpu=cortex-m3 -std=gnu11 -g3 -DDEBUG -DUSE_HAL_DRIVER -DSTM32F103xB -c -I../Core/Inc -I../Drivers/STM32F1xx_HAL_Driver/Inc -I../Drivers/STM32F1xx_HAL_Driver/Inc/Legacy -I../Drivers/CMSIS/Device/ST/STM32F1xx/Include -I../Drivers/CMSIS/Include -O0 -ffunction-sections -fdata-sections -Wall -fstack-usage -MMD -MP -MF"Core/Src/button.d" -MT"Core/Src/button.o" --specs=nano.specs -mfloat-abi=soft -mthumb -o "Core/Src/button.o"
arm-none-eabi-gcc "../Core/Src/fsm_pedestrian_light.c" -mcpu=cortex-m3 -std=gnu11 -g3 -DDEBUG -DUSE_HAL_DRIVER -DSTM32F103xB -c -I../Core/Inc -I../Drivers/STM32F1xx_HAL_Driver/Inc -I../Drivers/STM32F1xx_HAL_Driver/Inc/Legacy -I../Drivers/CMSIS/Device/ST/STM32F1xx/Include -I../Drivers/CMSIS/Include -O0 -ffunction-sections -fdata-sections -Wall -fstack-usage -MMD -MP -MF"Core/Src/fsm_pedestrian_light.d" -MT"Core/Src/fsm_pedestrian_light.o" --specs=nano.specs -mfloat-abi=soft -mthumb -o "Core/Src/fsm_pedestrian_light.o"
arm-none-eabi-gcc "../Core/Src/fsm_traffic_light.c" -mcpu=cortex-m3 -std=gnu11 -g3 -DDEBUG -DUSE_HAL_DRIVER -DSTM32F103xB -c -I../Core/Inc -I../Drivers/STM32F1xx_HAL_Driver/Inc -I../Drivers/STM32F1xx_HAL_Driver/Inc/Legacy -I../Drivers/CMSIS/Device/ST/STM32F1xx/Include -I../Drivers/CMSIS/Include -O0 -ffunction-sections -fdata-sections -Wall -fstack-usage -MMD -MP -MF"Core/Src/fsm_traffic_light.d" -MT"Core/Src/fsm_traffic_light.o" --specs=nano.specs -mfloat-abi=soft -mthumb -o "Core/Src/fsm_traffic_light.o"
arm-none-eabi-gcc "../Core/Src/main.c" -mcpu=cortex-m3 -std=gnu11 -g3 -DDEBUG -DUSE_HAL_DRIVER -DSTM32F103xB -c -I../Core/Inc -I../Drivers/STM32F1xx_HAL_Driver/Inc -I../Drivers/STM32F1xx_HAL_Driver/Inc/Legacy -I../Drivers/CMSIS/Device/ST/STM32F1xx/Include -I../Drivers/CMSIS/Include -O0 -ffunction-sections -fdata-sections -Wall -fstack-usage -MMD -MP -MF"Core/Src/main.d" -MT"Core/Src/main.o" --specs=nano.specs -mfloat-abi=soft -mthumb -o "Core/Src/main.o"
../Core/Src/fsm_pedestrian_light.c: In function 'fsm_pedestrian_light':
../Core/Src/fsm_pedestrian_light.c:27:6: warning: implicit declaration of function 'setPWM' [-Wimplicit-function-declaration]
   27 |      setPWM((10-sec_RED)*10);
      |      ^~~~~~
arm-none-eabi-gcc "../Core/Src/software_timer.c" -mcpu=cortex-m3 -std=gnu11 -g3 -DDEBUG -DUSE_HAL_DRIVER -DSTM32F103xB -c -I../Core/Inc -I../Drivers/STM32F1xx_HAL_Driver/Inc -I../Drivers/STM32F1xx_HAL_Driver/Inc/Legacy -I../Drivers/CMSIS/Device/ST/STM32F1xx/Include -I../Drivers/CMSIS/Include -O0 -ffunction-sections -fdata-sections -Wall -fstack-usage -MMD -MP -MF"Core/Src/software_timer.d" -MT"Core/Src/software_timer.o" --specs=nano.specs -mfloat-abi=soft -mthumb -o "Core/Src/software_timer.o"
arm-none-eabi-gcc -o "MCU-Assignment.elf" @"objects.list"   -mcpu=cortex-m3 -T"D:\Workspace\Lab MCU\Project Assignment\STM32\MCU-Assignment\STM32F103RBTX_FLASH.ld" --specs=nosys.specs -Wl,-Map="MCU-Assignment.map" -Wl,--gc-sections -static --specs=nano.specs -mfloat-abi=soft -mthumb -Wl,--start-group -lc -lm -Wl,--end-group
d:\programs\stm32\stm32cubeide_1.7.0\stm32cubeide\plugins\com.st.stm32cube.ide.mcu.externaltools.gnu-tools-for-stm32.9-2020-q2-update.win32_2.0.0.202105311346\tools\arm-none-eabi\bin\ld.exe: ./Core/Src/fsm_pedestrian_light.o: in function `fsm_pedestrian_light':
D:/Workspace/Lab MCU/Project Assignment/STM32/MCU-Assignment/Debug/../Core/Src/fsm_pedestrian_light.c:27: undefined reference to `setPWM'
d:\programs\stm32\stm32cubeide_1.7.0\stm32cubeide\plugins\com.st.stm32cube.ide.mcu.externaltools.gnu-tools-for-stm32.9-2020-q2-update.win32_2.0.0.202105311346\tools\arm-none-eabi\bin\ld.exe: D:/Workspace/Lab MCU/Project Assignment/STM32/MCU-Assignment/Debug/../Core/Src/fsm_pedestrian_light.c:32: undefined reference to `setPWM'
d:\programs\stm32\stm32cubeide_1.7.0\stm32cubeide\plugins\com.st.stm32cube.ide.mcu.externaltools.gnu-tools-for-stm32.9-2020-q2-update.win32_2.0.0.202105311346\tools\arm-none-eabi\bin\ld.exe: D:/Workspace/Lab MCU/Project Assignment/STM32/MCU-Assignment/Debug/../Core/Src/fsm_pedestrian_light.c:35: undefined reference to `setPWM'
d:\programs\stm32\stm32cubeide_1.7.0\stm32cubeide\plugins\com.st.stm32cube.ide.mcu.externaltools.gnu-tools-for-stm32.9-2020-q2-update.win32_2.0.0.202105311346\tools\arm-none-eabi\bin\ld.exe: D:/Workspace/Lab MCU/Project Assignment/STM32/MCU-Assignment/Debug/../Core/Src/fsm_pedestrian_light.c:49: undefined reference to `setPWM'
d:\programs\stm32\stm32cubeide_1.7.0\stm32cubeide\plugins\com.st.stm32cube.ide.mcu.externaltools.gnu-tools-for-stm32.9-2020-q2-update.win32_2.0.0.202105311346\tools\arm-none-eabi\bin\ld.exe: D:/Workspace/Lab MCU/Project Assignment/STM32/MCU-Assignment/Debug/../Core/Src/fsm_pedestrian_light.c:54: undefined reference to `setPWM'
d:\programs\stm32\stm32cubeide_1.7.0\stm32cubeide\plugins\com.st.stm32cube.ide.mcu.externaltools.gnu-tools-for-stm32.9-2020-q2-update.win32_2.0.0.202105311346\tools\arm-none-eabi\bin\ld.exe: ./Core/Src/fsm_pedestrian_light.o:D:/Workspace/Lab MCU/Project Assignment/STM32/MCU-Assignment/Debug/../Core/Src/fsm_pedestrian_light.c:57: more undefined references to `setPWM' follow
collect2.exe: error: ld returned 1 exit status
make: *** [makefile:68: MCU-Assignment.elf] Error 1
"make -j4 all" terminated with exit code 2. Build might be incomplete.
21:15:19 **** Incremental Build of configuration Debug for project MCU-Assignment ****
make -j4 all 
arm-none-eabi-gcc -o "MCU-Assignment.elf" @"objects.list"   -mcpu=cortex-m3 -T"D:\Workspace\Lab MCU\Project Assignment\STM32\MCU-Assignment\STM32F103RBTX_FLASH.ld" --specs=nosys.specs -Wl,-Map="MCU-Assignment.map" -Wl,--gc-sections -static --specs=nano.specs -mfloat-abi=soft -mthumb -Wl,--start-group -lc -lm -Wl,--end-group
d:\programs\stm32\stm32cubeide_1.7.0\stm32cubeide\plugins\com.st.stm32cube.ide.mcu.externaltools.gnu-tools-for-stm32.9-2020-q2-update.win32_2.0.0.202105311346\tools\arm-none-eabi\bin\ld.exe: ./Core/Src/fsm_pedestrian_light.o: in function `fsm_pedestrian_light':
D:/Workspace/Lab MCU/Project Assignment/STM32/MCU-Assignment/Debug/../Core/Src/fsm_pedestrian_light.c:27: undefined reference to `setPWM'
d:\programs\stm32\stm32cubeide_1.7.0\stm32cubeide\plugins\com.st.stm32cube.ide.mcu.externaltools.gnu-tools-for-stm32.9-2020-q2-update.win32_2.0.0.202105311346\tools\arm-none-eabi\bin\ld.exe: D:/Workspace/Lab MCU/Project Assignment/STM32/MCU-Assignment/Debug/../Core/Src/fsm_pedestrian_light.c:32: undefined reference to `setPWM'
d:\programs\stm32\stm32cubeide_1.7.0\stm32cubeide\plugins\com.st.stm32cube.ide.mcu.externaltools.gnu-tools-for-stm32.9-2020-q2-update.win32_2.0.0.202105311346\tools\arm-none-eabi\bin\ld.exe: D:/Workspace/Lab MCU/Project Assignment/STM32/MCU-Assignment/Debug/../Core/Src/fsm_pedestrian_light.c:35: undefined reference to `setPWM'
d:\programs\stm32\stm32cubeide_1.7.0\stm32cubeide\plugins\com.st.stm32cube.ide.mcu.externaltools.gnu-tools-for-stm32.9-2020-q2-update.win32_2.0.0.202105311346\tools\arm-none-eabi\bin\ld.exe: D:/Workspace/Lab MCU/Project Assignment/STM32/MCU-Assignment/Debug/../Core/Src/fsm_pedestrian_light.c:49: undefined reference to `setPWM'
d:\programs\stm32\stm32cubeide_1.7.0\stm32cubeide\plugins\com.st.stm32cube.ide.mcu.externaltools.gnu-tools-for-stm32.9-2020-q2-update.win32_2.0.0.202105311346\tools\arm-none-eabi\bin\ld.exe: D:/Workspace/Lab MCU/Project Assignment/STM32/MCU-Assignment/Debug/../Core/Src/fsm_pedestrian_light.c:54: undefined reference to `setPWM'
d:\programs\stm32\stm32cubeide_1.7.0\stm32cubeide\plugins\com.st.stm32cube.ide.mcu.externaltools.gnu-tools-for-stm32.9-2020-q2-update.win32_2.0.0.202105311346\tools\arm-none-eabi\bin\ld.exe: ./Core/Src/fsm_pedestrian_light.o:D:/Workspace/Lab MCU/Project Assignment/STM32/MCU-Assignment/Debug/../Core/Src/fsm_pedestrian_light.c:57: more undefined references to `setPWM' follow
collect2.exe: error: ld returned 1 exit status
make: *** [makefile:68: MCU-Assignment.elf] Error 1
"make -j4 all" terminated with exit code 2. Build might be incomplete.
21:16:11 **** Incremental Build of configuration Debug for project MCU-Assignment ****
make -j4 all 
arm-none-eabi-gcc "../Core/Src/main.c" -mcpu=cortex-m3 -std=gnu11 -g3 -DDEBUG -DUSE_HAL_DRIVER -DSTM32F103xB -c -I../Core/Inc -I../Drivers/STM32F1xx_HAL_Driver/Inc -I../Drivers/STM32F1xx_HAL_Driver/Inc/Legacy -I../Drivers/CMSIS/Device/ST/STM32F1xx/Include -I../Drivers/CMSIS/Include -O0 -ffunction-sections -fdata-sections -Wall -fstack-usage -MMD -MP -MF"Core/Src/main.d" -MT"Core/Src/main.o" --specs=nano.specs -mfloat-abi=soft -mthumb -o "Core/Src/main.o"
arm-none-eabi-gcc -o "MCU-Assignment.elf" @"objects.list"   -mcpu=cortex-m3 -T"D:\Workspace\Lab MCU\Project Assignment\STM32\MCU-Assignment\STM32F103RBTX_FLASH.ld" --specs=nosys.specs -Wl,-Map="MCU-Assignment.map" -Wl,--gc-sections -static --specs=nano.specs -mfloat-abi=soft -mthumb -Wl,--start-group -lc -lm -Wl,--end-group
Finished building target: MCU-Assignment.elf
 
arm-none-eabi-size   MCU-Assignment.elf 
arm-none-eabi-objdump -h -S  MCU-Assignment.elf  > "MCU-Assignment.list"
arm-none-eabi-objcopy  -O ihex  MCU-Assignment.elf  "MCU-Assignment.hex"
arm-none-eabi-objcopy  -O binary  MCU-Assignment.elf  "MCU-Assignment.bin"
   text	   data	    bss	    dec	    hex	filename
  21752	    216	   2000	  23968	   5da0	MCU-Assignment.elf
Finished building: default.size.stdout
 
Finished building: MCU-Assignment.hex
Finished building: MCU-Assignment.bin
 
Finished building: MCU-Assignment.list
 
 
21:16:24 **** Incremental Build of configuration Debug for project MCU-Assignment ****
make -j4 all 
arm-none-eabi-size   MCU-Assignment.elf 
   text	   data	    bss	    dec	    hex	filename
  21752	    216	   2000	  23968	   5da0	MCU-Assignment.elf
Finished building: default.size.stdout
 
21:18:30 **** Incremental Build of configuration Debug for project MCU-Assignment ****
make -j4 all 
arm-none-eabi-gcc "../Core/Src/fsm_pedestrian_light.c" -mcpu=cortex-m3 -std=gnu11 -g3 -DDEBUG -DUSE_HAL_DRIVER -DSTM32F103xB -c -I../Core/Inc -I../Drivers/STM32F1xx_HAL_Driver/Inc -I../Drivers/STM32F1xx_HAL_Driver/Inc/Legacy -I../Drivers/CMSIS/Device/ST/STM32F1xx/Include -I../Drivers/CMSIS/Include -O0 -ffunction-sections -fdata-sections -Wall -fstack-usage -MMD -MP -MF"Core/Src/fsm_pedestrian_light.d" -MT"Core/Src/fsm_pedestrian_light.o" --specs=nano.specs -mfloat-abi=soft -mthumb -o "Core/Src/fsm_pedestrian_light.o"
../Core/Src/fsm_pedestrian_light.c: In function 'fsm_pedestrian_light':
../Core/Src/fsm_pedestrian_light.c:27:6: warning: implicit declaration of function 'setPWM' [-Wimplicit-function-declaration]
   27 |      setPWM((10 - sec_RED)*10);
      |      ^~~~~~
arm-none-eabi-gcc -o "MCU-Assignment.elf" @"objects.list"   -mcpu=cortex-m3 -T"D:\Workspace\Lab MCU\Project Assignment\STM32\MCU-Assignment\STM32F103RBTX_FLASH.ld" --specs=nosys.specs -Wl,-Map="MCU-Assignment.map" -Wl,--gc-sections -static --specs=nano.specs -mfloat-abi=soft -mthumb -Wl,--start-group -lc -lm -Wl,--end-group
Finished building target: MCU-Assignment.elf
 
arm-none-eabi-size   MCU-Assignment.elf 
arm-none-eabi-objdump -h -S  MCU-Assignment.elf  > "MCU-Assignment.list"
arm-none-eabi-objcopy  -O ihex  MCU-Assignment.elf  "MCU-Assignment.hex"
arm-none-eabi-objcopy  -O binary  MCU-Assignment.elf  "MCU-Assignment.bin"
   text	   data	    bss	    dec	    hex	filename
  21760	    216	   2000	  23976	   5da8	MCU-Assignment.elf
Finished building: default.size.stdout
Finished building: MCU-Assignment.hex
 
Finished building: MCU-Assignment.bin
 
Finished building: MCU-Assignment.list
 
 
21:36:04 **** Incremental Build of configuration Debug for project MCU-Assignment ****
make -j4 all 
arm-none-eabi-size   MCU-Assignment.elf 
   text	   data	    bss	    dec	    hex	filename
  21760	    216	   2000	  23976	   5da8	MCU-Assignment.elf
Finished building: default.size.stdout
 
