14:16:28 **** Build of configuration Debug for project MCU-Assignment ****
make -j4 all 
arm-none-eabi-gcc "../Drivers/STM32F1xx_HAL_Driver/Src/stm32f1xx_hal.c" -mcpu=cortex-m3 -std=gnu11 -g3 -DDEBUG -DUSE_HAL_DRIVER -DSTM32F103xB -c -I../Core/Inc -I../Drivers/STM32F1xx_HAL_Driver/Inc -I../Drivers/STM32F1xx_HAL_Driver/Inc/Legacy -I../Drivers/CMSIS/Device/ST/STM32F1xx/Include -I../Drivers/CMSIS/Include -O0 -ffunction-sections -fdata-sections -Wall -fstack-usage -MMD -MP -MF"Drivers/STM32F1xx_HAL_Driver/Src/stm32f1xx_hal.d" -MT"Drivers/STM32F1xx_HAL_Driver/Src/stm32f1xx_hal.o" --specs=nano.specs -mfloat-abi=soft -mthumb -o "Drivers/STM32F1xx_HAL_Driver/Src/stm32f1xx_hal.o"
arm-none-eabi-gcc "../Drivers/STM32F1xx_HAL_Driver/Src/stm32f1xx_hal_cortex.c" -mcpu=cortex-m3 -std=gnu11 -g3 -DDEBUG -DUSE_HAL_DRIVER -DSTM32F103xB -c -I../Core/Inc -I../Drivers/STM32F1xx_HAL_Driver/Inc -I../Drivers/STM32F1xx_HAL_Driver/Inc/Legacy -I../Drivers/CMSIS/Device/ST/STM32F1xx/Include -I../Drivers/CMSIS/Include -O0 -ffunction-sections -fdata-sections -Wall -fstack-usage -MMD -MP -MF"Drivers/STM32F1xx_HAL_Driver/Src/stm32f1xx_hal_cortex.d" -MT"Drivers/STM32F1xx_HAL_Driver/Src/stm32f1xx_hal_cortex.o" --specs=nano.specs -mfloat-abi=soft -mthumb -o "Drivers/STM32F1xx_HAL_Driver/Src/stm32f1xx_hal_cortex.o"
arm-none-eabi-gcc "../Drivers/STM32F1xx_HAL_Driver/Src/stm32f1xx_hal_dma.c" -mcpu=cortex-m3 -std=gnu11 -g3 -DDEBUG -DUSE_HAL_DRIVER -DSTM32F103xB -c -I../Core/Inc -I../Drivers/STM32F1xx_HAL_Driver/Inc -I../Drivers/STM32F1xx_HAL_Driver/Inc/Legacy -I../Drivers/CMSIS/Device/ST/STM32F1xx/Include -I../Drivers/CMSIS/Include -O0 -ffunction-sections -fdata-sections -Wall -fstack-usage -MMD -MP -MF"Drivers/STM32F1xx_HAL_Driver/Src/stm32f1xx_hal_dma.d" -MT"Drivers/STM32F1xx_HAL_Driver/Src/stm32f1xx_hal_dma.o" --specs=nano.specs -mfloat-abi=soft -mthumb -o "Drivers/STM32F1xx_HAL_Driver/Src/stm32f1xx_hal_dma.o"
arm-none-eabi-gcc "../Drivers/STM32F1xx_HAL_Driver/Src/stm32f1xx_hal_exti.c" -mcpu=cortex-m3 -std=gnu11 -g3 -DDEBUG -DUSE_HAL_DRIVER -DSTM32F103xB -c -I../Core/Inc -I../Drivers/STM32F1xx_HAL_Driver/Inc -I../Drivers/STM32F1xx_HAL_Driver/Inc/Legacy -I../Drivers/CMSIS/Device/ST/STM32F1xx/Include -I../Drivers/CMSIS/Include -O0 -ffunction-sections -fdata-sections -Wall -fstack-usage -MMD -MP -MF"Drivers/STM32F1xx_HAL_Driver/Src/stm32f1xx_hal_exti.d" -MT"Drivers/STM32F1xx_HAL_Driver/Src/stm32f1xx_hal_exti.o" --specs=nano.specs -mfloat-abi=soft -mthumb -o "Drivers/STM32F1xx_HAL_Driver/Src/stm32f1xx_hal_exti.o"
arm-none-eabi-gcc "../Drivers/STM32F1xx_HAL_Driver/Src/stm32f1xx_hal_flash.c" -mcpu=cortex-m3 -std=gnu11 -g3 -DDEBUG -DUSE_HAL_DRIVER -DSTM32F103xB -c -I../Core/Inc -I../Drivers/STM32F1xx_HAL_Driver/Inc -I../Drivers/STM32F1xx_HAL_Driver/Inc/Legacy -I../Drivers/CMSIS/Device/ST/STM32F1xx/Include -I../Drivers/CMSIS/Include -O0 -ffunction-sections -fdata-sections -Wall -fstack-usage -MMD -MP -MF"Drivers/STM32F1xx_HAL_Driver/Src/stm32f1xx_hal_flash.d" -MT"Drivers/STM32F1xx_HAL_Driver/Src/stm32f1xx_hal_flash.o" --specs=nano.specs -mfloat-abi=soft -mthumb -o "Drivers/STM32F1xx_HAL_Driver/Src/stm32f1xx_hal_flash.o"
arm-none-eabi-gcc "../Drivers/STM32F1xx_HAL_Driver/Src/stm32f1xx_hal_flash_ex.c" -mcpu=cortex-m3 -std=gnu11 -g3 -DDEBUG -DUSE_HAL_DRIVER -DSTM32F103xB -c -I../Core/Inc -I../Drivers/STM32F1xx_HAL_Driver/Inc -I../Drivers/STM32F1xx_HAL_Driver/Inc/Legacy -I../Drivers/CMSIS/Device/ST/STM32F1xx/Include -I../Drivers/CMSIS/Include -O0 -ffunction-sections -fdata-sections -Wall -fstack-usage -MMD -MP -MF"Drivers/STM32F1xx_HAL_Driver/Src/stm32f1xx_hal_flash_ex.d" -MT"Drivers/STM32F1xx_HAL_Driver/Src/stm32f1xx_hal_flash_ex.o" --specs=nano.specs -mfloat-abi=soft -mthumb -o "Drivers/STM32F1xx_HAL_Driver/Src/stm32f1xx_hal_flash_ex.o"
arm-none-eabi-gcc "../Drivers/STM32F1xx_HAL_Driver/Src/stm32f1xx_hal_gpio.c" -mcpu=cortex-m3 -std=gnu11 -g3 -DDEBUG -DUSE_HAL_DRIVER -DSTM32F103xB -c -I../Core/Inc -I../Drivers/STM32F1xx_HAL_Driver/Inc -I../Drivers/STM32F1xx_HAL_Driver/Inc/Legacy -I../Drivers/CMSIS/Device/ST/STM32F1xx/Include -I../Drivers/CMSIS/Include -O0 -ffunction-sections -fdata-sections -Wall -fstack-usage -MMD -MP -MF"Drivers/STM32F1xx_HAL_Driver/Src/stm32f1xx_hal_gpio.d" -MT"Drivers/STM32F1xx_HAL_Driver/Src/stm32f1xx_hal_gpio.o" --specs=nano.specs -mfloat-abi=soft -mthumb -o "Drivers/STM32F1xx_HAL_Driver/Src/stm32f1xx_hal_gpio.o"
arm-none-eabi-gcc "../Drivers/STM32F1xx_HAL_Driver/Src/stm32f1xx_hal_gpio_ex.c" -mcpu=cortex-m3 -std=gnu11 -g3 -DDEBUG -DUSE_HAL_DRIVER -DSTM32F103xB -c -I../Core/Inc -I../Drivers/STM32F1xx_HAL_Driver/Inc -I../Drivers/STM32F1xx_HAL_Driver/Inc/Legacy -I../Drivers/CMSIS/Device/ST/STM32F1xx/Include -I../Drivers/CMSIS/Include -O0 -ffunction-sections -fdata-sections -Wall -fstack-usage -MMD -MP -MF"Drivers/STM32F1xx_HAL_Driver/Src/stm32f1xx_hal_gpio_ex.d" -MT"Drivers/STM32F1xx_HAL_Driver/Src/stm32f1xx_hal_gpio_ex.o" --specs=nano.specs -mfloat-abi=soft -mthumb -o "Drivers/STM32F1xx_HAL_Driver/Src/stm32f1xx_hal_gpio_ex.o"
arm-none-eabi-gcc "../Drivers/STM32F1xx_HAL_Driver/Src/stm32f1xx_hal_pwr.c" -mcpu=cortex-m3 -std=gnu11 -g3 -DDEBUG -DUSE_HAL_DRIVER -DSTM32F103xB -c -I../Core/Inc -I../Drivers/STM32F1xx_HAL_Driver/Inc -I../Drivers/STM32F1xx_HAL_Driver/Inc/Legacy -I../Drivers/CMSIS/Device/ST/STM32F1xx/Include -I../Drivers/CMSIS/Include -O0 -ffunction-sections -fdata-sections -Wall -fstack-usage -MMD -MP -MF"Drivers/STM32F1xx_HAL_Driver/Src/stm32f1xx_hal_pwr.d" -MT"Drivers/STM32F1xx_HAL_Driver/Src/stm32f1xx_hal_pwr.o" --specs=nano.specs -mfloat-abi=soft -mthumb -o "Drivers/STM32F1xx_HAL_Driver/Src/stm32f1xx_hal_pwr.o"
arm-none-eabi-gcc "../Drivers/STM32F1xx_HAL_Driver/Src/stm32f1xx_hal_rcc.c" -mcpu=cortex-m3 -std=gnu11 -g3 -DDEBUG -DUSE_HAL_DRIVER -DSTM32F103xB -c -I../Core/Inc -I../Drivers/STM32F1xx_HAL_Driver/Inc -I../Drivers/STM32F1xx_HAL_Driver/Inc/Legacy -I../Drivers/CMSIS/Device/ST/STM32F1xx/Include -I../Drivers/CMSIS/Include -O0 -ffunction-sections -fdata-sections -Wall -fstack-usage -MMD -MP -MF"Drivers/STM32F1xx_HAL_Driver/Src/stm32f1xx_hal_rcc.d" -MT"Drivers/STM32F1xx_HAL_Driver/Src/stm32f1xx_hal_rcc.o" --specs=nano.specs -mfloat-abi=soft -mthumb -o "Drivers/STM32F1xx_HAL_Driver/Src/stm32f1xx_hal_rcc.o"
arm-none-eabi-gcc "../Drivers/STM32F1xx_HAL_Driver/Src/stm32f1xx_hal_rcc_ex.c" -mcpu=cortex-m3 -std=gnu11 -g3 -DDEBUG -DUSE_HAL_DRIVER -DSTM32F103xB -c -I../Core/Inc -I../Drivers/STM32F1xx_HAL_Driver/Inc -I../Drivers/STM32F1xx_HAL_Driver/Inc/Legacy -I../Drivers/CMSIS/Device/ST/STM32F1xx/Include -I../Drivers/CMSIS/Include -O0 -ffunction-sections -fdata-sections -Wall -fstack-usage -MMD -MP -MF"Drivers/STM32F1xx_HAL_Driver/Src/stm32f1xx_hal_rcc_ex.d" -MT"Drivers/STM32F1xx_HAL_Driver/Src/stm32f1xx_hal_rcc_ex.o" --specs=nano.specs -mfloat-abi=soft -mthumb -o "Drivers/STM32F1xx_HAL_Driver/Src/stm32f1xx_hal_rcc_ex.o"
arm-none-eabi-gcc "../Drivers/STM32F1xx_HAL_Driver/Src/stm32f1xx_hal_tim.c" -mcpu=cortex-m3 -std=gnu11 -g3 -DDEBUG -DUSE_HAL_DRIVER -DSTM32F103xB -c -I../Core/Inc -I../Drivers/STM32F1xx_HAL_Driver/Inc -I../Drivers/STM32F1xx_HAL_Driver/Inc/Legacy -I../Drivers/CMSIS/Device/ST/STM32F1xx/Include -I../Drivers/CMSIS/Include -O0 -ffunction-sections -fdata-sections -Wall -fstack-usage -MMD -MP -MF"Drivers/STM32F1xx_HAL_Driver/Src/stm32f1xx_hal_tim.d" -MT"Drivers/STM32F1xx_HAL_Driver/Src/stm32f1xx_hal_tim.o" --specs=nano.specs -mfloat-abi=soft -mthumb -o "Drivers/STM32F1xx_HAL_Driver/Src/stm32f1xx_hal_tim.o"
arm-none-eabi-gcc "../Drivers/STM32F1xx_HAL_Driver/Src/stm32f1xx_hal_tim_ex.c" -mcpu=cortex-m3 -std=gnu11 -g3 -DDEBUG -DUSE_HAL_DRIVER -DSTM32F103xB -c -I../Core/Inc -I../Drivers/STM32F1xx_HAL_Driver/Inc -I../Drivers/STM32F1xx_HAL_Driver/Inc/Legacy -I../Drivers/CMSIS/Device/ST/STM32F1xx/Include -I../Drivers/CMSIS/Include -O0 -ffunction-sections -fdata-sections -Wall -fstack-usage -MMD -MP -MF"Drivers/STM32F1xx_HAL_Driver/Src/stm32f1xx_hal_tim_ex.d" -MT"Drivers/STM32F1xx_HAL_Driver/Src/stm32f1xx_hal_tim_ex.o" --specs=nano.specs -mfloat-abi=soft -mthumb -o "Drivers/STM32F1xx_HAL_Driver/Src/stm32f1xx_hal_tim_ex.o"
arm-none-eabi-gcc "../Drivers/STM32F1xx_HAL_Driver/Src/stm32f1xx_hal_uart.c" -mcpu=cortex-m3 -std=gnu11 -g3 -DDEBUG -DUSE_HAL_DRIVER -DSTM32F103xB -c -I../Core/Inc -I../Drivers/STM32F1xx_HAL_Driver/Inc -I../Drivers/STM32F1xx_HAL_Driver/Inc/Legacy -I../Drivers/CMSIS/Device/ST/STM32F1xx/Include -I../Drivers/CMSIS/Include -O0 -ffunction-sections -fdata-sections -Wall -fstack-usage -MMD -MP -MF"Drivers/STM32F1xx_HAL_Driver/Src/stm32f1xx_hal_uart.d" -MT"Drivers/STM32F1xx_HAL_Driver/Src/stm32f1xx_hal_uart.o" --specs=nano.specs -mfloat-abi=soft -mthumb -o "Drivers/STM32F1xx_HAL_Driver/Src/stm32f1xx_hal_uart.o"
arm-none-eabi-gcc -mcpu=cortex-m3 -g3 -DDEBUG -c -x assembler-with-cpp -MMD -MP -MF"Core/Startup/startup_stm32f103rbtx.d" -MT"Core/Startup/startup_stm32f103rbtx.o" --specs=nano.specs -mfloat-abi=soft -mthumb -o "Core/Startup/startup_stm32f103rbtx.o" "../Core/Startup/startup_stm32f103rbtx.s"
arm-none-eabi-gcc "../Core/Src/main.c" -mcpu=cortex-m3 -std=gnu11 -g3 -DDEBUG -DUSE_HAL_DRIVER -DSTM32F103xB -c -I../Core/Inc -I../Drivers/STM32F1xx_HAL_Driver/Inc -I../Drivers/STM32F1xx_HAL_Driver/Inc/Legacy -I../Drivers/CMSIS/Device/ST/STM32F1xx/Include -I../Drivers/CMSIS/Include -O0 -ffunction-sections -fdata-sections -Wall -fstack-usage -MMD -MP -MF"Core/Src/main.d" -MT"Core/Src/main.o" --specs=nano.specs -mfloat-abi=soft -mthumb -o "Core/Src/main.o"
../Core/Src/main.c: In function 'test_IO':
../Core/Src/main.c:64:20: error: 'B0_GPIO_Port' undeclared (first use in this function); did you mean 'A0_GPIO_Port'?
   64 |   HAL_GPIO_ReadPin(B0_GPIO_Port, B0_Pin));
      |                    ^~~~~~~~~~~~
      |                    A0_GPIO_Port
../Core/Src/main.c:64:20: note: each undeclared identifier is reported only once for each function it appears in
../Core/Src/main.c:64:34: error: 'B0_Pin' undeclared (first use in this function); did you mean 'A0_Pin'?
   64 |   HAL_GPIO_ReadPin(B0_GPIO_Port, B0_Pin));
      |                                  ^~~~~~
      |                                  A0_Pin
../Core/Src/main.c:69:20: error: 'D6_GPIO_Port' undeclared (first use in this function); did you mean 'D5_GPIO_Port'?
   69 |  HAL_GPIO_WritePin(D6_GPIO_Port, D6_Pin,
      |                    ^~~~~~~~~~~~
      |                    D5_GPIO_Port
../Core/Src/main.c:69:34: error: 'D6_Pin' undeclared (first use in this function); did you mean 'D7_Pin'?
   69 |  HAL_GPIO_WritePin(D6_GPIO_Port, D6_Pin,
      |                                  ^~~~~~
      |                                  D7_Pin
../Core/Src/main.c:70:20: error: 'B3_GPIO_Port' undeclared (first use in this function); did you mean 'A3_GPIO_Port'?
   70 |   HAL_GPIO_ReadPin(B3_GPIO_Port, B3_Pin));
      |                    ^~~~~~~~~~~~
      |                    A3_GPIO_Port
../Core/Src/main.c:70:34: error: 'B3_Pin' undeclared (first use in this function); did you mean 'A3_Pin'?
   70 |   HAL_GPIO_ReadPin(B3_GPIO_Port, B3_Pin));
      |                                  ^~~~~~
      |                                  A3_Pin
arm-none-eabi-gcc "../Core/Src/stm32f1xx_hal_msp.c" -mcpu=cortex-m3 -std=gnu11 -g3 -DDEBUG -DUSE_HAL_DRIVER -DSTM32F103xB -c -I../Core/Inc -I../Drivers/STM32F1xx_HAL_Driver/Inc -I../Drivers/STM32F1xx_HAL_Driver/Inc/Legacy -I../Drivers/CMSIS/Device/ST/STM32F1xx/Include -I../Drivers/CMSIS/Include -O0 -ffunction-sections -fdata-sections -Wall -fstack-usage -MMD -MP -MF"Core/Src/stm32f1xx_hal_msp.d" -MT"Core/Src/stm32f1xx_hal_msp.o" --specs=nano.specs -mfloat-abi=soft -mthumb -o "Core/Src/stm32f1xx_hal_msp.o"
make: *** [Core/Src/subdir.mk:34: Core/Src/main.o] Error 1
make: *** Waiting for unfinished jobs....
"make -j4 all" terminated with exit code 2. Build might be incomplete.
14:17:41 **** Incremental Build of configuration Debug for project MCU-Assignment ****
make -j4 all 
arm-none-eabi-gcc "../Core/Src/main.c" -mcpu=cortex-m3 -std=gnu11 -g3 -DDEBUG -DUSE_HAL_DRIVER -DSTM32F103xB -c -I../Core/Inc -I../Drivers/STM32F1xx_HAL_Driver/Inc -I../Drivers/STM32F1xx_HAL_Driver/Inc/Legacy -I../Drivers/CMSIS/Device/ST/STM32F1xx/Include -I../Drivers/CMSIS/Include -O0 -ffunction-sections -fdata-sections -Wall -fstack-usage -MMD -MP -MF"Core/Src/main.d" -MT"Core/Src/main.o" --specs=nano.specs -mfloat-abi=soft -mthumb -o "Core/Src/main.o"
arm-none-eabi-gcc "../Core/Src/stm32f1xx_it.c" -mcpu=cortex-m3 -std=gnu11 -g3 -DDEBUG -DUSE_HAL_DRIVER -DSTM32F103xB -c -I../Core/Inc -I../Drivers/STM32F1xx_HAL_Driver/Inc -I../Drivers/STM32F1xx_HAL_Driver/Inc/Legacy -I../Drivers/CMSIS/Device/ST/STM32F1xx/Include -I../Drivers/CMSIS/Include -O0 -ffunction-sections -fdata-sections -Wall -fstack-usage -MMD -MP -MF"Core/Src/stm32f1xx_it.d" -MT"Core/Src/stm32f1xx_it.o" --specs=nano.specs -mfloat-abi=soft -mthumb -o "Core/Src/stm32f1xx_it.o"
arm-none-eabi-gcc "../Core/Src/syscalls.c" -mcpu=cortex-m3 -std=gnu11 -g3 -DDEBUG -DUSE_HAL_DRIVER -DSTM32F103xB -c -I../Core/Inc -I../Drivers/STM32F1xx_HAL_Driver/Inc -I../Drivers/STM32F1xx_HAL_Driver/Inc/Legacy -I../Drivers/CMSIS/Device/ST/STM32F1xx/Include -I../Drivers/CMSIS/Include -O0 -ffunction-sections -fdata-sections -Wall -fstack-usage -MMD -MP -MF"Core/Src/syscalls.d" -MT"Core/Src/syscalls.o" --specs=nano.specs -mfloat-abi=soft -mthumb -o "Core/Src/syscalls.o"
arm-none-eabi-gcc "../Core/Src/sysmem.c" -mcpu=cortex-m3 -std=gnu11 -g3 -DDEBUG -DUSE_HAL_DRIVER -DSTM32F103xB -c -I../Core/Inc -I../Drivers/STM32F1xx_HAL_Driver/Inc -I../Drivers/STM32F1xx_HAL_Driver/Inc/Legacy -I../Drivers/CMSIS/Device/ST/STM32F1xx/Include -I../Drivers/CMSIS/Include -O0 -ffunction-sections -fdata-sections -Wall -fstack-usage -MMD -MP -MF"Core/Src/sysmem.d" -MT"Core/Src/sysmem.o" --specs=nano.specs -mfloat-abi=soft -mthumb -o "Core/Src/sysmem.o"
../Core/Src/main.c: In function 'test_IO':
../Core/Src/main.c:69:20: error: 'D6_GPIO_Port' undeclared (first use in this function); did you mean 'D5_GPIO_Port'?
   69 |  HAL_GPIO_WritePin(D6_GPIO_Port, D6_Pin,
      |                    ^~~~~~~~~~~~
      |                    D5_GPIO_Port
../Core/Src/main.c:69:20: note: each undeclared identifier is reported only once for each function it appears in
../Core/Src/main.c:69:34: error: 'D6_Pin' undeclared (first use in this function); did you mean 'D7_Pin'?
   69 |  HAL_GPIO_WritePin(D6_GPIO_Port, D6_Pin,
      |                                  ^~~~~~
      |                                  D7_Pin
make: *** [Core/Src/subdir.mk:34: Core/Src/main.o] Error 1
make: *** Waiting for unfinished jobs....
"make -j4 all" terminated with exit code 2. Build might be incomplete.
14:19:35 **** Incremental Build of configuration Debug for project MCU-Assignment ****
make -j4 all 
arm-none-eabi-gcc "../Drivers/STM32F1xx_HAL_Driver/Src/stm32f1xx_hal.c" -mcpu=cortex-m3 -std=gnu11 -g3 -DDEBUG -DUSE_HAL_DRIVER -DSTM32F103xB -c -I../Core/Inc -I../Drivers/STM32F1xx_HAL_Driver/Inc -I../Drivers/STM32F1xx_HAL_Driver/Inc/Legacy -I../Drivers/CMSIS/Device/ST/STM32F1xx/Include -I../Drivers/CMSIS/Include -O0 -ffunction-sections -fdata-sections -Wall -fstack-usage -MMD -MP -MF"Drivers/STM32F1xx_HAL_Driver/Src/stm32f1xx_hal.d" -MT"Drivers/STM32F1xx_HAL_Driver/Src/stm32f1xx_hal.o" --specs=nano.specs -mfloat-abi=soft -mthumb -o "Drivers/STM32F1xx_HAL_Driver/Src/stm32f1xx_hal.o"
arm-none-eabi-gcc "../Drivers/STM32F1xx_HAL_Driver/Src/stm32f1xx_hal_cortex.c" -mcpu=cortex-m3 -std=gnu11 -g3 -DDEBUG -DUSE_HAL_DRIVER -DSTM32F103xB -c -I../Core/Inc -I../Drivers/STM32F1xx_HAL_Driver/Inc -I../Drivers/STM32F1xx_HAL_Driver/Inc/Legacy -I../Drivers/CMSIS/Device/ST/STM32F1xx/Include -I../Drivers/CMSIS/Include -O0 -ffunction-sections -fdata-sections -Wall -fstack-usage -MMD -MP -MF"Drivers/STM32F1xx_HAL_Driver/Src/stm32f1xx_hal_cortex.d" -MT"Drivers/STM32F1xx_HAL_Driver/Src/stm32f1xx_hal_cortex.o" --specs=nano.specs -mfloat-abi=soft -mthumb -o "Drivers/STM32F1xx_HAL_Driver/Src/stm32f1xx_hal_cortex.o"
arm-none-eabi-gcc "../Drivers/STM32F1xx_HAL_Driver/Src/stm32f1xx_hal_dma.c" -mcpu=cortex-m3 -std=gnu11 -g3 -DDEBUG -DUSE_HAL_DRIVER -DSTM32F103xB -c -I../Core/Inc -I../Drivers/STM32F1xx_HAL_Driver/Inc -I../Drivers/STM32F1xx_HAL_Driver/Inc/Legacy -I../Drivers/CMSIS/Device/ST/STM32F1xx/Include -I../Drivers/CMSIS/Include -O0 -ffunction-sections -fdata-sections -Wall -fstack-usage -MMD -MP -MF"Drivers/STM32F1xx_HAL_Driver/Src/stm32f1xx_hal_dma.d" -MT"Drivers/STM32F1xx_HAL_Driver/Src/stm32f1xx_hal_dma.o" --specs=nano.specs -mfloat-abi=soft -mthumb -o "Drivers/STM32F1xx_HAL_Driver/Src/stm32f1xx_hal_dma.o"
arm-none-eabi-gcc "../Drivers/STM32F1xx_HAL_Driver/Src/stm32f1xx_hal_exti.c" -mcpu=cortex-m3 -std=gnu11 -g3 -DDEBUG -DUSE_HAL_DRIVER -DSTM32F103xB -c -I../Core/Inc -I../Drivers/STM32F1xx_HAL_Driver/Inc -I../Drivers/STM32F1xx_HAL_Driver/Inc/Legacy -I../Drivers/CMSIS/Device/ST/STM32F1xx/Include -I../Drivers/CMSIS/Include -O0 -ffunction-sections -fdata-sections -Wall -fstack-usage -MMD -MP -MF"Drivers/STM32F1xx_HAL_Driver/Src/stm32f1xx_hal_exti.d" -MT"Drivers/STM32F1xx_HAL_Driver/Src/stm32f1xx_hal_exti.o" --specs=nano.specs -mfloat-abi=soft -mthumb -o "Drivers/STM32F1xx_HAL_Driver/Src/stm32f1xx_hal_exti.o"
arm-none-eabi-gcc "../Drivers/STM32F1xx_HAL_Driver/Src/stm32f1xx_hal_flash.c" -mcpu=cortex-m3 -std=gnu11 -g3 -DDEBUG -DUSE_HAL_DRIVER -DSTM32F103xB -c -I../Core/Inc -I../Drivers/STM32F1xx_HAL_Driver/Inc -I../Drivers/STM32F1xx_HAL_Driver/Inc/Legacy -I../Drivers/CMSIS/Device/ST/STM32F1xx/Include -I../Drivers/CMSIS/Include -O0 -ffunction-sections -fdata-sections -Wall -fstack-usage -MMD -MP -MF"Drivers/STM32F1xx_HAL_Driver/Src/stm32f1xx_hal_flash.d" -MT"Drivers/STM32F1xx_HAL_Driver/Src/stm32f1xx_hal_flash.o" --specs=nano.specs -mfloat-abi=soft -mthumb -o "Drivers/STM32F1xx_HAL_Driver/Src/stm32f1xx_hal_flash.o"
arm-none-eabi-gcc "../Drivers/STM32F1xx_HAL_Driver/Src/stm32f1xx_hal_flash_ex.c" -mcpu=cortex-m3 -std=gnu11 -g3 -DDEBUG -DUSE_HAL_DRIVER -DSTM32F103xB -c -I../Core/Inc -I../Drivers/STM32F1xx_HAL_Driver/Inc -I../Drivers/STM32F1xx_HAL_Driver/Inc/Legacy -I../Drivers/CMSIS/Device/ST/STM32F1xx/Include -I../Drivers/CMSIS/Include -O0 -ffunction-sections -fdata-sections -Wall -fstack-usage -MMD -MP -MF"Drivers/STM32F1xx_HAL_Driver/Src/stm32f1xx_hal_flash_ex.d" -MT"Drivers/STM32F1xx_HAL_Driver/Src/stm32f1xx_hal_flash_ex.o" --specs=nano.specs -mfloat-abi=soft -mthumb -o "Drivers/STM32F1xx_HAL_Driver/Src/stm32f1xx_hal_flash_ex.o"
arm-none-eabi-gcc "../Drivers/STM32F1xx_HAL_Driver/Src/stm32f1xx_hal_gpio.c" -mcpu=cortex-m3 -std=gnu11 -g3 -DDEBUG -DUSE_HAL_DRIVER -DSTM32F103xB -c -I../Core/Inc -I../Drivers/STM32F1xx_HAL_Driver/Inc -I../Drivers/STM32F1xx_HAL_Driver/Inc/Legacy -I../Drivers/CMSIS/Device/ST/STM32F1xx/Include -I../Drivers/CMSIS/Include -O0 -ffunction-sections -fdata-sections -Wall -fstack-usage -MMD -MP -MF"Drivers/STM32F1xx_HAL_Driver/Src/stm32f1xx_hal_gpio.d" -MT"Drivers/STM32F1xx_HAL_Driver/Src/stm32f1xx_hal_gpio.o" --specs=nano.specs -mfloat-abi=soft -mthumb -o "Drivers/STM32F1xx_HAL_Driver/Src/stm32f1xx_hal_gpio.o"
arm-none-eabi-gcc "../Drivers/STM32F1xx_HAL_Driver/Src/stm32f1xx_hal_gpio_ex.c" -mcpu=cortex-m3 -std=gnu11 -g3 -DDEBUG -DUSE_HAL_DRIVER -DSTM32F103xB -c -I../Core/Inc -I../Drivers/STM32F1xx_HAL_Driver/Inc -I../Drivers/STM32F1xx_HAL_Driver/Inc/Legacy -I../Drivers/CMSIS/Device/ST/STM32F1xx/Include -I../Drivers/CMSIS/Include -O0 -ffunction-sections -fdata-sections -Wall -fstack-usage -MMD -MP -MF"Drivers/STM32F1xx_HAL_Driver/Src/stm32f1xx_hal_gpio_ex.d" -MT"Drivers/STM32F1xx_HAL_Driver/Src/stm32f1xx_hal_gpio_ex.o" --specs=nano.specs -mfloat-abi=soft -mthumb -o "Drivers/STM32F1xx_HAL_Driver/Src/stm32f1xx_hal_gpio_ex.o"
arm-none-eabi-gcc "../Drivers/STM32F1xx_HAL_Driver/Src/stm32f1xx_hal_pwr.c" -mcpu=cortex-m3 -std=gnu11 -g3 -DDEBUG -DUSE_HAL_DRIVER -DSTM32F103xB -c -I../Core/Inc -I../Drivers/STM32F1xx_HAL_Driver/Inc -I../Drivers/STM32F1xx_HAL_Driver/Inc/Legacy -I../Drivers/CMSIS/Device/ST/STM32F1xx/Include -I../Drivers/CMSIS/Include -O0 -ffunction-sections -fdata-sections -Wall -fstack-usage -MMD -MP -MF"Drivers/STM32F1xx_HAL_Driver/Src/stm32f1xx_hal_pwr.d" -MT"Drivers/STM32F1xx_HAL_Driver/Src/stm32f1xx_hal_pwr.o" --specs=nano.specs -mfloat-abi=soft -mthumb -o "Drivers/STM32F1xx_HAL_Driver/Src/stm32f1xx_hal_pwr.o"
arm-none-eabi-gcc "../Drivers/STM32F1xx_HAL_Driver/Src/stm32f1xx_hal_rcc.c" -mcpu=cortex-m3 -std=gnu11 -g3 -DDEBUG -DUSE_HAL_DRIVER -DSTM32F103xB -c -I../Core/Inc -I../Drivers/STM32F1xx_HAL_Driver/Inc -I../Drivers/STM32F1xx_HAL_Driver/Inc/Legacy -I../Drivers/CMSIS/Device/ST/STM32F1xx/Include -I../Drivers/CMSIS/Include -O0 -ffunction-sections -fdata-sections -Wall -fstack-usage -MMD -MP -MF"Drivers/STM32F1xx_HAL_Driver/Src/stm32f1xx_hal_rcc.d" -MT"Drivers/STM32F1xx_HAL_Driver/Src/stm32f1xx_hal_rcc.o" --specs=nano.specs -mfloat-abi=soft -mthumb -o "Drivers/STM32F1xx_HAL_Driver/Src/stm32f1xx_hal_rcc.o"
arm-none-eabi-gcc "../Drivers/STM32F1xx_HAL_Driver/Src/stm32f1xx_hal_rcc_ex.c" -mcpu=cortex-m3 -std=gnu11 -g3 -DDEBUG -DUSE_HAL_DRIVER -DSTM32F103xB -c -I../Core/Inc -I../Drivers/STM32F1xx_HAL_Driver/Inc -I../Drivers/STM32F1xx_HAL_Driver/Inc/Legacy -I../Drivers/CMSIS/Device/ST/STM32F1xx/Include -I../Drivers/CMSIS/Include -O0 -ffunction-sections -fdata-sections -Wall -fstack-usage -MMD -MP -MF"Drivers/STM32F1xx_HAL_Driver/Src/stm32f1xx_hal_rcc_ex.d" -MT"Drivers/STM32F1xx_HAL_Driver/Src/stm32f1xx_hal_rcc_ex.o" --specs=nano.specs -mfloat-abi=soft -mthumb -o "Drivers/STM32F1xx_HAL_Driver/Src/stm32f1xx_hal_rcc_ex.o"
arm-none-eabi-gcc "../Drivers/STM32F1xx_HAL_Driver/Src/stm32f1xx_hal_tim.c" -mcpu=cortex-m3 -std=gnu11 -g3 -DDEBUG -DUSE_HAL_DRIVER -DSTM32F103xB -c -I../Core/Inc -I../Drivers/STM32F1xx_HAL_Driver/Inc -I../Drivers/STM32F1xx_HAL_Driver/Inc/Legacy -I../Drivers/CMSIS/Device/ST/STM32F1xx/Include -I../Drivers/CMSIS/Include -O0 -ffunction-sections -fdata-sections -Wall -fstack-usage -MMD -MP -MF"Drivers/STM32F1xx_HAL_Driver/Src/stm32f1xx_hal_tim.d" -MT"Drivers/STM32F1xx_HAL_Driver/Src/stm32f1xx_hal_tim.o" --specs=nano.specs -mfloat-abi=soft -mthumb -o "Drivers/STM32F1xx_HAL_Driver/Src/stm32f1xx_hal_tim.o"
arm-none-eabi-gcc "../Drivers/STM32F1xx_HAL_Driver/Src/stm32f1xx_hal_tim_ex.c" -mcpu=cortex-m3 -std=gnu11 -g3 -DDEBUG -DUSE_HAL_DRIVER -DSTM32F103xB -c -I../Core/Inc -I../Drivers/STM32F1xx_HAL_Driver/Inc -I../Drivers/STM32F1xx_HAL_Driver/Inc/Legacy -I../Drivers/CMSIS/Device/ST/STM32F1xx/Include -I../Drivers/CMSIS/Include -O0 -ffunction-sections -fdata-sections -Wall -fstack-usage -MMD -MP -MF"Drivers/STM32F1xx_HAL_Driver/Src/stm32f1xx_hal_tim_ex.d" -MT"Drivers/STM32F1xx_HAL_Driver/Src/stm32f1xx_hal_tim_ex.o" --specs=nano.specs -mfloat-abi=soft -mthumb -o "Drivers/STM32F1xx_HAL_Driver/Src/stm32f1xx_hal_tim_ex.o"
arm-none-eabi-gcc "../Drivers/STM32F1xx_HAL_Driver/Src/stm32f1xx_hal_uart.c" -mcpu=cortex-m3 -std=gnu11 -g3 -DDEBUG -DUSE_HAL_DRIVER -DSTM32F103xB -c -I../Core/Inc -I../Drivers/STM32F1xx_HAL_Driver/Inc -I../Drivers/STM32F1xx_HAL_Driver/Inc/Legacy -I../Drivers/CMSIS/Device/ST/STM32F1xx/Include -I../Drivers/CMSIS/Include -O0 -ffunction-sections -fdata-sections -Wall -fstack-usage -MMD -MP -MF"Drivers/STM32F1xx_HAL_Driver/Src/stm32f1xx_hal_uart.d" -MT"Drivers/STM32F1xx_HAL_Driver/Src/stm32f1xx_hal_uart.o" --specs=nano.specs -mfloat-abi=soft -mthumb -o "Drivers/STM32F1xx_HAL_Driver/Src/stm32f1xx_hal_uart.o"
arm-none-eabi-gcc "../Core/Src/main.c" -mcpu=cortex-m3 -std=gnu11 -g3 -DDEBUG -DUSE_HAL_DRIVER -DSTM32F103xB -c -I../Core/Inc -I../Drivers/STM32F1xx_HAL_Driver/Inc -I../Drivers/STM32F1xx_HAL_Driver/Inc/Legacy -I../Drivers/CMSIS/Device/ST/STM32F1xx/Include -I../Drivers/CMSIS/Include -O0 -ffunction-sections -fdata-sections -Wall -fstack-usage -MMD -MP -MF"Core/Src/main.d" -MT"Core/Src/main.o" --specs=nano.specs -mfloat-abi=soft -mthumb -o "Core/Src/main.o"
arm-none-eabi-gcc "../Core/Src/stm32f1xx_hal_msp.c" -mcpu=cortex-m3 -std=gnu11 -g3 -DDEBUG -DUSE_HAL_DRIVER -DSTM32F103xB -c -I../Core/Inc -I../Drivers/STM32F1xx_HAL_Driver/Inc -I../Drivers/STM32F1xx_HAL_Driver/Inc/Legacy -I../Drivers/CMSIS/Device/ST/STM32F1xx/Include -I../Drivers/CMSIS/Include -O0 -ffunction-sections -fdata-sections -Wall -fstack-usage -MMD -MP -MF"Core/Src/stm32f1xx_hal_msp.d" -MT"Core/Src/stm32f1xx_hal_msp.o" --specs=nano.specs -mfloat-abi=soft -mthumb -o "Core/Src/stm32f1xx_hal_msp.o"
arm-none-eabi-gcc "../Core/Src/stm32f1xx_it.c" -mcpu=cortex-m3 -std=gnu11 -g3 -DDEBUG -DUSE_HAL_DRIVER -DSTM32F103xB -c -I../Core/Inc -I../Drivers/STM32F1xx_HAL_Driver/Inc -I../Drivers/STM32F1xx_HAL_Driver/Inc/Legacy -I../Drivers/CMSIS/Device/ST/STM32F1xx/Include -I../Drivers/CMSIS/Include -O0 -ffunction-sections -fdata-sections -Wall -fstack-usage -MMD -MP -MF"Core/Src/stm32f1xx_it.d" -MT"Core/Src/stm32f1xx_it.o" --specs=nano.specs -mfloat-abi=soft -mthumb -o "Core/Src/stm32f1xx_it.o"
arm-none-eabi-gcc "../Core/Src/system_stm32f1xx.c" -mcpu=cortex-m3 -std=gnu11 -g3 -DDEBUG -DUSE_HAL_DRIVER -DSTM32F103xB -c -I../Core/Inc -I../Drivers/STM32F1xx_HAL_Driver/Inc -I../Drivers/STM32F1xx_HAL_Driver/Inc/Legacy -I../Drivers/CMSIS/Device/ST/STM32F1xx/Include -I../Drivers/CMSIS/Include -O0 -ffunction-sections -fdata-sections -Wall -fstack-usage -MMD -MP -MF"Core/Src/system_stm32f1xx.d" -MT"Core/Src/system_stm32f1xx.o" --specs=nano.specs -mfloat-abi=soft -mthumb -o "Core/Src/system_stm32f1xx.o"
arm-none-eabi-gcc -o "MCU-Assignment.elf" @"objects.list"   -mcpu=cortex-m3 -T"D:\Workspace\Lab MCU\Project Assignment\STM32\MCU-Assignment\STM32F103RBTX_FLASH.ld" --specs=nosys.specs -Wl,-Map="MCU-Assignment.map" -Wl,--gc-sections -static --specs=nano.specs -mfloat-abi=soft -mthumb -Wl,--start-group -lc -lm -Wl,--end-group
Finished building target: MCU-Assignment.elf
 
arm-none-eabi-size   MCU-Assignment.elf 
arm-none-eabi-objdump -h -S  MCU-Assignment.elf  > "MCU-Assignment.list"
arm-none-eabi-objcopy  -O ihex  MCU-Assignment.elf  "MCU-Assignment.hex"
arm-none-eabi-objcopy  -O binary  MCU-Assignment.elf  "MCU-Assignment.bin"
   text	   data	    bss	    dec	    hex	filename
   9824	     20	   1708	  11552	   2d20	MCU-Assignment.elf
Finished building: default.size.stdout
 
Finished building: MCU-Assignment.hex
Finished building: MCU-Assignment.bin
 
Finished building: MCU-Assignment.list
 
 
14:19:55 **** Incremental Build of configuration Debug for project MCU-Assignment ****
make -j4 all 
arm-none-eabi-size   MCU-Assignment.elf 
   text	   data	    bss	    dec	    hex	filename
   9824	     20	   1708	  11552	   2d20	MCU-Assignment.elf
Finished building: default.size.stdout
 
14:20:55 **** Incremental Build of configuration Debug for project MCU-Assignment ****
make -j4 all 
arm-none-eabi-gcc "../Core/Src/main.c" -mcpu=cortex-m3 -std=gnu11 -g3 -DDEBUG -DUSE_HAL_DRIVER -DSTM32F103xB -c -I../Core/Inc -I../Drivers/STM32F1xx_HAL_Driver/Inc -I../Drivers/STM32F1xx_HAL_Driver/Inc/Legacy -I../Drivers/CMSIS/Device/ST/STM32F1xx/Include -I../Drivers/CMSIS/Include -O0 -ffunction-sections -fdata-sections -Wall -fstack-usage -MMD -MP -MF"Core/Src/main.d" -MT"Core/Src/main.o" --specs=nano.specs -mfloat-abi=soft -mthumb -o "Core/Src/main.o"
../Core/Src/main.c: In function 'main':
../Core/Src/main.c:114:4: warning: implicit declaration of function 'HAL_delay'; did you mean 'HAL_Delay'? [-Wimplicit-function-declaration]
  114 |    HAL_delay(1000);
      |    ^~~~~~~~~
      |    HAL_Delay
arm-none-eabi-gcc -o "MCU-Assignment.elf" @"objects.list"   -mcpu=cortex-m3 -T"D:\Workspace\Lab MCU\Project Assignment\STM32\MCU-Assignment\STM32F103RBTX_FLASH.ld" --specs=nosys.specs -Wl,-Map="MCU-Assignment.map" -Wl,--gc-sections -static --specs=nano.specs -mfloat-abi=soft -mthumb -Wl,--start-group -lc -lm -Wl,--end-group
d:\programs\stm32\stm32cubeide_1.7.0\stm32cubeide\plugins\com.st.stm32cube.ide.mcu.externaltools.gnu-tools-for-stm32.9-2020-q2-update.win32_2.0.0.202105311346\tools\arm-none-eabi\bin\ld.exe: ./Core/Src/main.o: in function `main':
D:/Workspace/Lab MCU/Project Assignment/STM32/MCU-Assignment/Debug/../Core/Src/main.c:114: undefined reference to `HAL_delay'
collect2.exe: error: ld returned 1 exit status
make: *** [makefile:68: MCU-Assignment.elf] Error 1
"make -j4 all" terminated with exit code 2. Build might be incomplete.
14:21:10 **** Incremental Build of configuration Debug for project MCU-Assignment ****
make -j4 all 
arm-none-eabi-gcc "../Core/Src/main.c" -mcpu=cortex-m3 -std=gnu11 -g3 -DDEBUG -DUSE_HAL_DRIVER -DSTM32F103xB -c -I../Core/Inc -I../Drivers/STM32F1xx_HAL_Driver/Inc -I../Drivers/STM32F1xx_HAL_Driver/Inc/Legacy -I../Drivers/CMSIS/Device/ST/STM32F1xx/Include -I../Drivers/CMSIS/Include -O0 -ffunction-sections -fdata-sections -Wall -fstack-usage -MMD -MP -MF"Core/Src/main.d" -MT"Core/Src/main.o" --specs=nano.specs -mfloat-abi=soft -mthumb -o "Core/Src/main.o"
arm-none-eabi-gcc -o "MCU-Assignment.elf" @"objects.list"   -mcpu=cortex-m3 -T"D:\Workspace\Lab MCU\Project Assignment\STM32\MCU-Assignment\STM32F103RBTX_FLASH.ld" --specs=nosys.specs -Wl,-Map="MCU-Assignment.map" -Wl,--gc-sections -static --specs=nano.specs -mfloat-abi=soft -mthumb -Wl,--start-group -lc -lm -Wl,--end-group
Finished building target: MCU-Assignment.elf
 
arm-none-eabi-size   MCU-Assignment.elf 
arm-none-eabi-objdump -h -S  MCU-Assignment.elf  > "MCU-Assignment.list"
arm-none-eabi-objcopy  -O ihex  MCU-Assignment.elf  "MCU-Assignment.hex"
arm-none-eabi-objcopy  -O binary  MCU-Assignment.elf  "MCU-Assignment.bin"
   text	   data	    bss	    dec	    hex	filename
  10072	     20	   1708	  11800	   2e18	MCU-Assignment.elf
Finished building: default.size.stdout
 
Finished building: MCU-Assignment.hex
Finished building: MCU-Assignment.bin
Finished building: MCU-Assignment.list
 
 
 
14:21:18 **** Incremental Build of configuration Debug for project MCU-Assignment ****
make -j4 all 
arm-none-eabi-size   MCU-Assignment.elf 
   text	   data	    bss	    dec	    hex	filename
  10072	     20	   1708	  11800	   2e18	MCU-Assignment.elf
Finished building: default.size.stdout
 
14:31:36 **** Incremental Build of configuration Debug for project MCU-Assignment ****
make -j4 all 
arm-none-eabi-gcc "../Drivers/STM32F1xx_HAL_Driver/Src/stm32f1xx_hal.c" -mcpu=cortex-m3 -std=gnu11 -g3 -DDEBUG -DUSE_HAL_DRIVER -DSTM32F103xB -c -I../Core/Inc -I../Drivers/STM32F1xx_HAL_Driver/Inc -I../Drivers/STM32F1xx_HAL_Driver/Inc/Legacy -I../Drivers/CMSIS/Device/ST/STM32F1xx/Include -I../Drivers/CMSIS/Include -O0 -ffunction-sections -fdata-sections -Wall -fstack-usage -MMD -MP -MF"Drivers/STM32F1xx_HAL_Driver/Src/stm32f1xx_hal.d" -MT"Drivers/STM32F1xx_HAL_Driver/Src/stm32f1xx_hal.o" --specs=nano.specs -mfloat-abi=soft -mthumb -o "Drivers/STM32F1xx_HAL_Driver/Src/stm32f1xx_hal.o"
arm-none-eabi-gcc "../Drivers/STM32F1xx_HAL_Driver/Src/stm32f1xx_hal_cortex.c" -mcpu=cortex-m3 -std=gnu11 -g3 -DDEBUG -DUSE_HAL_DRIVER -DSTM32F103xB -c -I../Core/Inc -I../Drivers/STM32F1xx_HAL_Driver/Inc -I../Drivers/STM32F1xx_HAL_Driver/Inc/Legacy -I../Drivers/CMSIS/Device/ST/STM32F1xx/Include -I../Drivers/CMSIS/Include -O0 -ffunction-sections -fdata-sections -Wall -fstack-usage -MMD -MP -MF"Drivers/STM32F1xx_HAL_Driver/Src/stm32f1xx_hal_cortex.d" -MT"Drivers/STM32F1xx_HAL_Driver/Src/stm32f1xx_hal_cortex.o" --specs=nano.specs -mfloat-abi=soft -mthumb -o "Drivers/STM32F1xx_HAL_Driver/Src/stm32f1xx_hal_cortex.o"
arm-none-eabi-gcc "../Drivers/STM32F1xx_HAL_Driver/Src/stm32f1xx_hal_dma.c" -mcpu=cortex-m3 -std=gnu11 -g3 -DDEBUG -DUSE_HAL_DRIVER -DSTM32F103xB -c -I../Core/Inc -I../Drivers/STM32F1xx_HAL_Driver/Inc -I../Drivers/STM32F1xx_HAL_Driver/Inc/Legacy -I../Drivers/CMSIS/Device/ST/STM32F1xx/Include -I../Drivers/CMSIS/Include -O0 -ffunction-sections -fdata-sections -Wall -fstack-usage -MMD -MP -MF"Drivers/STM32F1xx_HAL_Driver/Src/stm32f1xx_hal_dma.d" -MT"Drivers/STM32F1xx_HAL_Driver/Src/stm32f1xx_hal_dma.o" --specs=nano.specs -mfloat-abi=soft -mthumb -o "Drivers/STM32F1xx_HAL_Driver/Src/stm32f1xx_hal_dma.o"
arm-none-eabi-gcc "../Drivers/STM32F1xx_HAL_Driver/Src/stm32f1xx_hal_exti.c" -mcpu=cortex-m3 -std=gnu11 -g3 -DDEBUG -DUSE_HAL_DRIVER -DSTM32F103xB -c -I../Core/Inc -I../Drivers/STM32F1xx_HAL_Driver/Inc -I../Drivers/STM32F1xx_HAL_Driver/Inc/Legacy -I../Drivers/CMSIS/Device/ST/STM32F1xx/Include -I../Drivers/CMSIS/Include -O0 -ffunction-sections -fdata-sections -Wall -fstack-usage -MMD -MP -MF"Drivers/STM32F1xx_HAL_Driver/Src/stm32f1xx_hal_exti.d" -MT"Drivers/STM32F1xx_HAL_Driver/Src/stm32f1xx_hal_exti.o" --specs=nano.specs -mfloat-abi=soft -mthumb -o "Drivers/STM32F1xx_HAL_Driver/Src/stm32f1xx_hal_exti.o"
arm-none-eabi-gcc "../Drivers/STM32F1xx_HAL_Driver/Src/stm32f1xx_hal_flash.c" -mcpu=cortex-m3 -std=gnu11 -g3 -DDEBUG -DUSE_HAL_DRIVER -DSTM32F103xB -c -I../Core/Inc -I../Drivers/STM32F1xx_HAL_Driver/Inc -I../Drivers/STM32F1xx_HAL_Driver/Inc/Legacy -I../Drivers/CMSIS/Device/ST/STM32F1xx/Include -I../Drivers/CMSIS/Include -O0 -ffunction-sections -fdata-sections -Wall -fstack-usage -MMD -MP -MF"Drivers/STM32F1xx_HAL_Driver/Src/stm32f1xx_hal_flash.d" -MT"Drivers/STM32F1xx_HAL_Driver/Src/stm32f1xx_hal_flash.o" --specs=nano.specs -mfloat-abi=soft -mthumb -o "Drivers/STM32F1xx_HAL_Driver/Src/stm32f1xx_hal_flash.o"
arm-none-eabi-gcc "../Drivers/STM32F1xx_HAL_Driver/Src/stm32f1xx_hal_flash_ex.c" -mcpu=cortex-m3 -std=gnu11 -g3 -DDEBUG -DUSE_HAL_DRIVER -DSTM32F103xB -c -I../Core/Inc -I../Drivers/STM32F1xx_HAL_Driver/Inc -I../Drivers/STM32F1xx_HAL_Driver/Inc/Legacy -I../Drivers/CMSIS/Device/ST/STM32F1xx/Include -I../Drivers/CMSIS/Include -O0 -ffunction-sections -fdata-sections -Wall -fstack-usage -MMD -MP -MF"Drivers/STM32F1xx_HAL_Driver/Src/stm32f1xx_hal_flash_ex.d" -MT"Drivers/STM32F1xx_HAL_Driver/Src/stm32f1xx_hal_flash_ex.o" --specs=nano.specs -mfloat-abi=soft -mthumb -o "Drivers/STM32F1xx_HAL_Driver/Src/stm32f1xx_hal_flash_ex.o"
arm-none-eabi-gcc "../Drivers/STM32F1xx_HAL_Driver/Src/stm32f1xx_hal_gpio.c" -mcpu=cortex-m3 -std=gnu11 -g3 -DDEBUG -DUSE_HAL_DRIVER -DSTM32F103xB -c -I../Core/Inc -I../Drivers/STM32F1xx_HAL_Driver/Inc -I../Drivers/STM32F1xx_HAL_Driver/Inc/Legacy -I../Drivers/CMSIS/Device/ST/STM32F1xx/Include -I../Drivers/CMSIS/Include -O0 -ffunction-sections -fdata-sections -Wall -fstack-usage -MMD -MP -MF"Drivers/STM32F1xx_HAL_Driver/Src/stm32f1xx_hal_gpio.d" -MT"Drivers/STM32F1xx_HAL_Driver/Src/stm32f1xx_hal_gpio.o" --specs=nano.specs -mfloat-abi=soft -mthumb -o "Drivers/STM32F1xx_HAL_Driver/Src/stm32f1xx_hal_gpio.o"
arm-none-eabi-gcc "../Drivers/STM32F1xx_HAL_Driver/Src/stm32f1xx_hal_gpio_ex.c" -mcpu=cortex-m3 -std=gnu11 -g3 -DDEBUG -DUSE_HAL_DRIVER -DSTM32F103xB -c -I../Core/Inc -I../Drivers/STM32F1xx_HAL_Driver/Inc -I../Drivers/STM32F1xx_HAL_Driver/Inc/Legacy -I../Drivers/CMSIS/Device/ST/STM32F1xx/Include -I../Drivers/CMSIS/Include -O0 -ffunction-sections -fdata-sections -Wall -fstack-usage -MMD -MP -MF"Drivers/STM32F1xx_HAL_Driver/Src/stm32f1xx_hal_gpio_ex.d" -MT"Drivers/STM32F1xx_HAL_Driver/Src/stm32f1xx_hal_gpio_ex.o" --specs=nano.specs -mfloat-abi=soft -mthumb -o "Drivers/STM32F1xx_HAL_Driver/Src/stm32f1xx_hal_gpio_ex.o"
arm-none-eabi-gcc "../Drivers/STM32F1xx_HAL_Driver/Src/stm32f1xx_hal_pwr.c" -mcpu=cortex-m3 -std=gnu11 -g3 -DDEBUG -DUSE_HAL_DRIVER -DSTM32F103xB -c -I../Core/Inc -I../Drivers/STM32F1xx_HAL_Driver/Inc -I../Drivers/STM32F1xx_HAL_Driver/Inc/Legacy -I../Drivers/CMSIS/Device/ST/STM32F1xx/Include -I../Drivers/CMSIS/Include -O0 -ffunction-sections -fdata-sections -Wall -fstack-usage -MMD -MP -MF"Drivers/STM32F1xx_HAL_Driver/Src/stm32f1xx_hal_pwr.d" -MT"Drivers/STM32F1xx_HAL_Driver/Src/stm32f1xx_hal_pwr.o" --specs=nano.specs -mfloat-abi=soft -mthumb -o "Drivers/STM32F1xx_HAL_Driver/Src/stm32f1xx_hal_pwr.o"
arm-none-eabi-gcc "../Drivers/STM32F1xx_HAL_Driver/Src/stm32f1xx_hal_rcc.c" -mcpu=cortex-m3 -std=gnu11 -g3 -DDEBUG -DUSE_HAL_DRIVER -DSTM32F103xB -c -I../Core/Inc -I../Drivers/STM32F1xx_HAL_Driver/Inc -I../Drivers/STM32F1xx_HAL_Driver/Inc/Legacy -I../Drivers/CMSIS/Device/ST/STM32F1xx/Include -I../Drivers/CMSIS/Include -O0 -ffunction-sections -fdata-sections -Wall -fstack-usage -MMD -MP -MF"Drivers/STM32F1xx_HAL_Driver/Src/stm32f1xx_hal_rcc.d" -MT"Drivers/STM32F1xx_HAL_Driver/Src/stm32f1xx_hal_rcc.o" --specs=nano.specs -mfloat-abi=soft -mthumb -o "Drivers/STM32F1xx_HAL_Driver/Src/stm32f1xx_hal_rcc.o"
arm-none-eabi-gcc "../Drivers/STM32F1xx_HAL_Driver/Src/stm32f1xx_hal_rcc_ex.c" -mcpu=cortex-m3 -std=gnu11 -g3 -DDEBUG -DUSE_HAL_DRIVER -DSTM32F103xB -c -I../Core/Inc -I../Drivers/STM32F1xx_HAL_Driver/Inc -I../Drivers/STM32F1xx_HAL_Driver/Inc/Legacy -I../Drivers/CMSIS/Device/ST/STM32F1xx/Include -I../Drivers/CMSIS/Include -O0 -ffunction-sections -fdata-sections -Wall -fstack-usage -MMD -MP -MF"Drivers/STM32F1xx_HAL_Driver/Src/stm32f1xx_hal_rcc_ex.d" -MT"Drivers/STM32F1xx_HAL_Driver/Src/stm32f1xx_hal_rcc_ex.o" --specs=nano.specs -mfloat-abi=soft -mthumb -o "Drivers/STM32F1xx_HAL_Driver/Src/stm32f1xx_hal_rcc_ex.o"
arm-none-eabi-gcc "../Drivers/STM32F1xx_HAL_Driver/Src/stm32f1xx_hal_tim.c" -mcpu=cortex-m3 -std=gnu11 -g3 -DDEBUG -DUSE_HAL_DRIVER -DSTM32F103xB -c -I../Core/Inc -I../Drivers/STM32F1xx_HAL_Driver/Inc -I../Drivers/STM32F1xx_HAL_Driver/Inc/Legacy -I../Drivers/CMSIS/Device/ST/STM32F1xx/Include -I../Drivers/CMSIS/Include -O0 -ffunction-sections -fdata-sections -Wall -fstack-usage -MMD -MP -MF"Drivers/STM32F1xx_HAL_Driver/Src/stm32f1xx_hal_tim.d" -MT"Drivers/STM32F1xx_HAL_Driver/Src/stm32f1xx_hal_tim.o" --specs=nano.specs -mfloat-abi=soft -mthumb -o "Drivers/STM32F1xx_HAL_Driver/Src/stm32f1xx_hal_tim.o"
arm-none-eabi-gcc "../Drivers/STM32F1xx_HAL_Driver/Src/stm32f1xx_hal_tim_ex.c" -mcpu=cortex-m3 -std=gnu11 -g3 -DDEBUG -DUSE_HAL_DRIVER -DSTM32F103xB -c -I../Core/Inc -I../Drivers/STM32F1xx_HAL_Driver/Inc -I../Drivers/STM32F1xx_HAL_Driver/Inc/Legacy -I../Drivers/CMSIS/Device/ST/STM32F1xx/Include -I../Drivers/CMSIS/Include -O0 -ffunction-sections -fdata-sections -Wall -fstack-usage -MMD -MP -MF"Drivers/STM32F1xx_HAL_Driver/Src/stm32f1xx_hal_tim_ex.d" -MT"Drivers/STM32F1xx_HAL_Driver/Src/stm32f1xx_hal_tim_ex.o" --specs=nano.specs -mfloat-abi=soft -mthumb -o "Drivers/STM32F1xx_HAL_Driver/Src/stm32f1xx_hal_tim_ex.o"
arm-none-eabi-gcc "../Drivers/STM32F1xx_HAL_Driver/Src/stm32f1xx_hal_uart.c" -mcpu=cortex-m3 -std=gnu11 -g3 -DDEBUG -DUSE_HAL_DRIVER -DSTM32F103xB -c -I../Core/Inc -I../Drivers/STM32F1xx_HAL_Driver/Inc -I../Drivers/STM32F1xx_HAL_Driver/Inc/Legacy -I../Drivers/CMSIS/Device/ST/STM32F1xx/Include -I../Drivers/CMSIS/Include -O0 -ffunction-sections -fdata-sections -Wall -fstack-usage -MMD -MP -MF"Drivers/STM32F1xx_HAL_Driver/Src/stm32f1xx_hal_uart.d" -MT"Drivers/STM32F1xx_HAL_Driver/Src/stm32f1xx_hal_uart.o" --specs=nano.specs -mfloat-abi=soft -mthumb -o "Drivers/STM32F1xx_HAL_Driver/Src/stm32f1xx_hal_uart.o"
arm-none-eabi-gcc "../Core/Src/main.c" -mcpu=cortex-m3 -std=gnu11 -g3 -DDEBUG -DUSE_HAL_DRIVER -DSTM32F103xB -c -I../Core/Inc -I../Drivers/STM32F1xx_HAL_Driver/Inc -I../Drivers/STM32F1xx_HAL_Driver/Inc/Legacy -I../Drivers/CMSIS/Device/ST/STM32F1xx/Include -I../Drivers/CMSIS/Include -O0 -ffunction-sections -fdata-sections -Wall -fstack-usage -MMD -MP -MF"Core/Src/main.d" -MT"Core/Src/main.o" --specs=nano.specs -mfloat-abi=soft -mthumb -o "Core/Src/main.o"
arm-none-eabi-gcc "../Core/Src/stm32f1xx_hal_msp.c" -mcpu=cortex-m3 -std=gnu11 -g3 -DDEBUG -DUSE_HAL_DRIVER -DSTM32F103xB -c -I../Core/Inc -I../Drivers/STM32F1xx_HAL_Driver/Inc -I../Drivers/STM32F1xx_HAL_Driver/Inc/Legacy -I../Drivers/CMSIS/Device/ST/STM32F1xx/Include -I../Drivers/CMSIS/Include -O0 -ffunction-sections -fdata-sections -Wall -fstack-usage -MMD -MP -MF"Core/Src/stm32f1xx_hal_msp.d" -MT"Core/Src/stm32f1xx_hal_msp.o" --specs=nano.specs -mfloat-abi=soft -mthumb -o "Core/Src/stm32f1xx_hal_msp.o"
arm-none-eabi-gcc "../Core/Src/stm32f1xx_it.c" -mcpu=cortex-m3 -std=gnu11 -g3 -DDEBUG -DUSE_HAL_DRIVER -DSTM32F103xB -c -I../Core/Inc -I../Drivers/STM32F1xx_HAL_Driver/Inc -I../Drivers/STM32F1xx_HAL_Driver/Inc/Legacy -I../Drivers/CMSIS/Device/ST/STM32F1xx/Include -I../Drivers/CMSIS/Include -O0 -ffunction-sections -fdata-sections -Wall -fstack-usage -MMD -MP -MF"Core/Src/stm32f1xx_it.d" -MT"Core/Src/stm32f1xx_it.o" --specs=nano.specs -mfloat-abi=soft -mthumb -o "Core/Src/stm32f1xx_it.o"
arm-none-eabi-gcc "../Core/Src/system_stm32f1xx.c" -mcpu=cortex-m3 -std=gnu11 -g3 -DDEBUG -DUSE_HAL_DRIVER -DSTM32F103xB -c -I../Core/Inc -I../Drivers/STM32F1xx_HAL_Driver/Inc -I../Drivers/STM32F1xx_HAL_Driver/Inc/Legacy -I../Drivers/CMSIS/Device/ST/STM32F1xx/Include -I../Drivers/CMSIS/Include -O0 -ffunction-sections -fdata-sections -Wall -fstack-usage -MMD -MP -MF"Core/Src/system_stm32f1xx.d" -MT"Core/Src/system_stm32f1xx.o" --specs=nano.specs -mfloat-abi=soft -mthumb -o "Core/Src/system_stm32f1xx.o"
arm-none-eabi-gcc -o "MCU-Assignment.elf" @"objects.list"   -mcpu=cortex-m3 -T"D:\Workspace\Lab MCU\Project Assignment\STM32\MCU-Assignment\STM32F103RBTX_FLASH.ld" --specs=nosys.specs -Wl,-Map="MCU-Assignment.map" -Wl,--gc-sections -static --specs=nano.specs -mfloat-abi=soft -mthumb -Wl,--start-group -lc -lm -Wl,--end-group
Finished building target: MCU-Assignment.elf
 
arm-none-eabi-size   MCU-Assignment.elf 
arm-none-eabi-objdump -h -S  MCU-Assignment.elf  > "MCU-Assignment.list"
arm-none-eabi-objcopy  -O ihex  MCU-Assignment.elf  "MCU-Assignment.hex"
arm-none-eabi-objcopy  -O binary  MCU-Assignment.elf  "MCU-Assignment.bin"
   text	   data	    bss	    dec	    hex	filename
   9824	     20	   1708	  11552	   2d20	MCU-Assignment.elf
Finished building: default.size.stdout
 
Finished building: MCU-Assignment.hex
Finished building: MCU-Assignment.list
Finished building: MCU-Assignment.bin
 
 
 
14:32:14 **** Incremental Build of configuration Debug for project MCU-Assignment ****
make -j4 all 
arm-none-eabi-gcc "../Core/Src/main.c" -mcpu=cortex-m3 -std=gnu11 -g3 -DDEBUG -DUSE_HAL_DRIVER -DSTM32F103xB -c -I../Core/Inc -I../Drivers/STM32F1xx_HAL_Driver/Inc -I../Drivers/STM32F1xx_HAL_Driver/Inc/Legacy -I../Drivers/CMSIS/Device/ST/STM32F1xx/Include -I../Drivers/CMSIS/Include -O0 -ffunction-sections -fdata-sections -Wall -fstack-usage -MMD -MP -MF"Core/Src/main.d" -MT"Core/Src/main.o" --specs=nano.specs -mfloat-abi=soft -mthumb -o "Core/Src/main.o"
arm-none-eabi-gcc -o "MCU-Assignment.elf" @"objects.list"   -mcpu=cortex-m3 -T"D:\Workspace\Lab MCU\Project Assignment\STM32\MCU-Assignment\STM32F103RBTX_FLASH.ld" --specs=nosys.specs -Wl,-Map="MCU-Assignment.map" -Wl,--gc-sections -static --specs=nano.specs -mfloat-abi=soft -mthumb -Wl,--start-group -lc -lm -Wl,--end-group
Finished building target: MCU-Assignment.elf
 
arm-none-eabi-size   MCU-Assignment.elf 
arm-none-eabi-objdump -h -S  MCU-Assignment.elf  > "MCU-Assignment.list"
arm-none-eabi-objcopy  -O ihex  MCU-Assignment.elf  "MCU-Assignment.hex"
arm-none-eabi-objcopy  -O binary  MCU-Assignment.elf  "MCU-Assignment.bin"
   text	   data	    bss	    dec	    hex	filename
   9824	     20	   1708	  11552	   2d20	MCU-Assignment.elf
Finished building: default.size.stdout
 
Finished building: MCU-Assignment.hex
Finished building: MCU-Assignment.bin
 
Finished building: MCU-Assignment.list
 
 
14:32:19 **** Incremental Build of configuration Debug for project MCU-Assignment ****
make -j4 all 
arm-none-eabi-size   MCU-Assignment.elf 
   text	   data	    bss	    dec	    hex	filename
   9824	     20	   1708	  11552	   2d20	MCU-Assignment.elf
Finished building: default.size.stdout
 
14:33:10 **** Incremental Build of configuration Debug for project MCU-Assignment ****
make -j4 all 
arm-none-eabi-gcc "../Core/Src/main.c" -mcpu=cortex-m3 -std=gnu11 -g3 -DDEBUG -DUSE_HAL_DRIVER -DSTM32F103xB -c -I../Core/Inc -I../Drivers/STM32F1xx_HAL_Driver/Inc -I../Drivers/STM32F1xx_HAL_Driver/Inc/Legacy -I../Drivers/CMSIS/Device/ST/STM32F1xx/Include -I../Drivers/CMSIS/Include -O0 -ffunction-sections -fdata-sections -Wall -fstack-usage -MMD -MP -MF"Core/Src/main.d" -MT"Core/Src/main.o" --specs=nano.specs -mfloat-abi=soft -mthumb -o "Core/Src/main.o"
arm-none-eabi-gcc -o "MCU-Assignment.elf" @"objects.list"   -mcpu=cortex-m3 -T"D:\Workspace\Lab MCU\Project Assignment\STM32\MCU-Assignment\STM32F103RBTX_FLASH.ld" --specs=nosys.specs -Wl,-Map="MCU-Assignment.map" -Wl,--gc-sections -static --specs=nano.specs -mfloat-abi=soft -mthumb -Wl,--start-group -lc -lm -Wl,--end-group
Finished building target: MCU-Assignment.elf
 
arm-none-eabi-size   MCU-Assignment.elf 
arm-none-eabi-objdump -h -S  MCU-Assignment.elf  > "MCU-Assignment.list"
arm-none-eabi-objcopy  -O ihex  MCU-Assignment.elf  "MCU-Assignment.hex"
arm-none-eabi-objcopy  -O binary  MCU-Assignment.elf  "MCU-Assignment.bin"
   text	   data	    bss	    dec	    hex	filename
   9824	     20	   1708	  11552	   2d20	MCU-Assignment.elf
Finished building: default.size.stdout
 
Finished building: MCU-Assignment.hex
Finished building: MCU-Assignment.list
Finished building: MCU-Assignment.bin
 
 
 
14:33:32 **** Incremental Build of configuration Debug for project MCU-Assignment ****
make -j4 all 
arm-none-eabi-size   MCU-Assignment.elf 
   text	   data	    bss	    dec	    hex	filename
   9824	     20	   1708	  11552	   2d20	MCU-Assignment.elf
Finished building: default.size.stdout
 
14:34:32 **** Incremental Build of configuration Debug for project MCU-Assignment ****
make -j4 all 
arm-none-eabi-gcc "../Core/Src/main.c" -mcpu=cortex-m3 -std=gnu11 -g3 -DDEBUG -DUSE_HAL_DRIVER -DSTM32F103xB -c -I../Core/Inc -I../Drivers/STM32F1xx_HAL_Driver/Inc -I../Drivers/STM32F1xx_HAL_Driver/Inc/Legacy -I../Drivers/CMSIS/Device/ST/STM32F1xx/Include -I../Drivers/CMSIS/Include -O0 -ffunction-sections -fdata-sections -Wall -fstack-usage -MMD -MP -MF"Core/Src/main.d" -MT"Core/Src/main.o" --specs=nano.specs -mfloat-abi=soft -mthumb -o "Core/Src/main.o"
arm-none-eabi-gcc -o "MCU-Assignment.elf" @"objects.list"   -mcpu=cortex-m3 -T"D:\Workspace\Lab MCU\Project Assignment\STM32\MCU-Assignment\STM32F103RBTX_FLASH.ld" --specs=nosys.specs -Wl,-Map="MCU-Assignment.map" -Wl,--gc-sections -static --specs=nano.specs -mfloat-abi=soft -mthumb -Wl,--start-group -lc -lm -Wl,--end-group
Finished building target: MCU-Assignment.elf
 
arm-none-eabi-size   MCU-Assignment.elf 
arm-none-eabi-objdump -h -S  MCU-Assignment.elf  > "MCU-Assignment.list"
arm-none-eabi-objcopy  -O ihex  MCU-Assignment.elf  "MCU-Assignment.hex"
arm-none-eabi-objcopy  -O binary  MCU-Assignment.elf  "MCU-Assignment.bin"
   text	   data	    bss	    dec	    hex	filename
   9944	     20	   1708	  11672	   2d98	MCU-Assignment.elf
Finished building: default.size.stdout
 
Finished building: MCU-Assignment.hex
Finished building: MCU-Assignment.list
Finished building: MCU-Assignment.bin
 
 
 
14:34:38 **** Incremental Build of configuration Debug for project MCU-Assignment ****
make -j4 all 
arm-none-eabi-size   MCU-Assignment.elf 
   text	   data	    bss	    dec	    hex	filename
   9944	     20	   1708	  11672	   2d98	MCU-Assignment.elf
Finished building: default.size.stdout
 
14:35:29 **** Incremental Build of configuration Debug for project MCU-Assignment ****
make -j4 all 
arm-none-eabi-gcc "../Core/Src/main.c" -mcpu=cortex-m3 -std=gnu11 -g3 -DDEBUG -DUSE_HAL_DRIVER -DSTM32F103xB -c -I../Core/Inc -I../Drivers/STM32F1xx_HAL_Driver/Inc -I../Drivers/STM32F1xx_HAL_Driver/Inc/Legacy -I../Drivers/CMSIS/Device/ST/STM32F1xx/Include -I../Drivers/CMSIS/Include -O0 -ffunction-sections -fdata-sections -Wall -fstack-usage -MMD -MP -MF"Core/Src/main.d" -MT"Core/Src/main.o" --specs=nano.specs -mfloat-abi=soft -mthumb -o "Core/Src/main.o"
arm-none-eabi-gcc -o "MCU-Assignment.elf" @"objects.list"   -mcpu=cortex-m3 -T"D:\Workspace\Lab MCU\Project Assignment\STM32\MCU-Assignment\STM32F103RBTX_FLASH.ld" --specs=nosys.specs -Wl,-Map="MCU-Assignment.map" -Wl,--gc-sections -static --specs=nano.specs -mfloat-abi=soft -mthumb -Wl,--start-group -lc -lm -Wl,--end-group
Finished building target: MCU-Assignment.elf
 
arm-none-eabi-size   MCU-Assignment.elf 
arm-none-eabi-objdump -h -S  MCU-Assignment.elf  > "MCU-Assignment.list"
arm-none-eabi-objcopy  -O ihex  MCU-Assignment.elf  "MCU-Assignment.hex"
arm-none-eabi-objcopy  -O binary  MCU-Assignment.elf  "MCU-Assignment.bin"
   text	   data	    bss	    dec	    hex	filename
   9944	     20	   1708	  11672	   2d98	MCU-Assignment.elf
Finished building: default.size.stdout
 
Finished building: MCU-Assignment.list
Finished building: MCU-Assignment.hex
Finished building: MCU-Assignment.bin
 
 
 
14:35:36 **** Incremental Build of configuration Debug for project MCU-Assignment ****
make -j4 all 
arm-none-eabi-size   MCU-Assignment.elf 
   text	   data	    bss	    dec	    hex	filename
   9944	     20	   1708	  11672	   2d98	MCU-Assignment.elf
Finished building: default.size.stdout
 
14:35:52 **** Incremental Build of configuration Debug for project MCU-Assignment ****
make -j4 all 
arm-none-eabi-gcc "../Core/Src/main.c" -mcpu=cortex-m3 -std=gnu11 -g3 -DDEBUG -DUSE_HAL_DRIVER -DSTM32F103xB -c -I../Core/Inc -I../Drivers/STM32F1xx_HAL_Driver/Inc -I../Drivers/STM32F1xx_HAL_Driver/Inc/Legacy -I../Drivers/CMSIS/Device/ST/STM32F1xx/Include -I../Drivers/CMSIS/Include -O0 -ffunction-sections -fdata-sections -Wall -fstack-usage -MMD -MP -MF"Core/Src/main.d" -MT"Core/Src/main.o" --specs=nano.specs -mfloat-abi=soft -mthumb -o "Core/Src/main.o"
arm-none-eabi-gcc -o "MCU-Assignment.elf" @"objects.list"   -mcpu=cortex-m3 -T"D:\Workspace\Lab MCU\Project Assignment\STM32\MCU-Assignment\STM32F103RBTX_FLASH.ld" --specs=nosys.specs -Wl,-Map="MCU-Assignment.map" -Wl,--gc-sections -static --specs=nano.specs -mfloat-abi=soft -mthumb -Wl,--start-group -lc -lm -Wl,--end-group
Finished building target: MCU-Assignment.elf
 
arm-none-eabi-size   MCU-Assignment.elf 
arm-none-eabi-objdump -h -S  MCU-Assignment.elf  > "MCU-Assignment.list"
arm-none-eabi-objcopy  -O ihex  MCU-Assignment.elf  "MCU-Assignment.hex"
arm-none-eabi-objcopy  -O binary  MCU-Assignment.elf  "MCU-Assignment.bin"
   text	   data	    bss	    dec	    hex	filename
   9944	     20	   1708	  11672	   2d98	MCU-Assignment.elf
Finished building: default.size.stdout
 
Finished building: MCU-Assignment.list
Finished building: MCU-Assignment.hex
Finished building: MCU-Assignment.bin
 
 
 
14:36:06 **** Incremental Build of configuration Debug for project MCU-Assignment ****
make -j4 all 
arm-none-eabi-size   MCU-Assignment.elf 
   text	   data	    bss	    dec	    hex	filename
   9944	     20	   1708	  11672	   2d98	MCU-Assignment.elf
Finished building: default.size.stdout
 
14:36:29 **** Incremental Build of configuration Debug for project MCU-Assignment ****
make -j4 all 
arm-none-eabi-gcc "../Core/Src/main.c" -mcpu=cortex-m3 -std=gnu11 -g3 -DDEBUG -DUSE_HAL_DRIVER -DSTM32F103xB -c -I../Core/Inc -I../Drivers/STM32F1xx_HAL_Driver/Inc -I../Drivers/STM32F1xx_HAL_Driver/Inc/Legacy -I../Drivers/CMSIS/Device/ST/STM32F1xx/Include -I../Drivers/CMSIS/Include -O0 -ffunction-sections -fdata-sections -Wall -fstack-usage -MMD -MP -MF"Core/Src/main.d" -MT"Core/Src/main.o" --specs=nano.specs -mfloat-abi=soft -mthumb -o "Core/Src/main.o"
arm-none-eabi-gcc -o "MCU-Assignment.elf" @"objects.list"   -mcpu=cortex-m3 -T"D:\Workspace\Lab MCU\Project Assignment\STM32\MCU-Assignment\STM32F103RBTX_FLASH.ld" --specs=nosys.specs -Wl,-Map="MCU-Assignment.map" -Wl,--gc-sections -static --specs=nano.specs -mfloat-abi=soft -mthumb -Wl,--start-group -lc -lm -Wl,--end-group
Finished building target: MCU-Assignment.elf
 
arm-none-eabi-size   MCU-Assignment.elf 
arm-none-eabi-objdump -h -S  MCU-Assignment.elf  > "MCU-Assignment.list"
arm-none-eabi-objcopy  -O ihex  MCU-Assignment.elf  "MCU-Assignment.hex"
arm-none-eabi-objcopy  -O binary  MCU-Assignment.elf  "MCU-Assignment.bin"
   text	   data	    bss	    dec	    hex	filename
   9944	     20	   1708	  11672	   2d98	MCU-Assignment.elf
Finished building: default.size.stdout
 
Finished building: MCU-Assignment.hex
Finished building: MCU-Assignment.bin
Finished building: MCU-Assignment.list
 
 
 
14:36:34 **** Incremental Build of configuration Debug for project MCU-Assignment ****
make -j4 all 
arm-none-eabi-size   MCU-Assignment.elf 
   text	   data	    bss	    dec	    hex	filename
   9944	     20	   1708	  11672	   2d98	MCU-Assignment.elf
Finished building: default.size.stdout
 
14:38:10 **** Incremental Build of configuration Debug for project MCU-Assignment ****
make -j4 all 
arm-none-eabi-gcc "../Core/Src/main.c" -mcpu=cortex-m3 -std=gnu11 -g3 -DDEBUG -DUSE_HAL_DRIVER -DSTM32F103xB -c -I../Core/Inc -I../Drivers/STM32F1xx_HAL_Driver/Inc -I../Drivers/STM32F1xx_HAL_Driver/Inc/Legacy -I../Drivers/CMSIS/Device/ST/STM32F1xx/Include -I../Drivers/CMSIS/Include -O0 -ffunction-sections -fdata-sections -Wall -fstack-usage -MMD -MP -MF"Core/Src/main.d" -MT"Core/Src/main.o" --specs=nano.specs -mfloat-abi=soft -mthumb -o "Core/Src/main.o"
arm-none-eabi-gcc -o "MCU-Assignment.elf" @"objects.list"   -mcpu=cortex-m3 -T"D:\Workspace\Lab MCU\Project Assignment\STM32\MCU-Assignment\STM32F103RBTX_FLASH.ld" --specs=nosys.specs -Wl,-Map="MCU-Assignment.map" -Wl,--gc-sections -static --specs=nano.specs -mfloat-abi=soft -mthumb -Wl,--start-group -lc -lm -Wl,--end-group
Finished building target: MCU-Assignment.elf
 
arm-none-eabi-size   MCU-Assignment.elf 
arm-none-eabi-objdump -h -S  MCU-Assignment.elf  > "MCU-Assignment.list"
arm-none-eabi-objcopy  -O ihex  MCU-Assignment.elf  "MCU-Assignment.hex"
arm-none-eabi-objcopy  -O binary  MCU-Assignment.elf  "MCU-Assignment.bin"
   text	   data	    bss	    dec	    hex	filename
   9944	     20	   1708	  11672	   2d98	MCU-Assignment.elf
Finished building: default.size.stdout
 
Finished building: MCU-Assignment.hex
Finished building: MCU-Assignment.list
Finished building: MCU-Assignment.bin
 
 
 
14:38:20 **** Incremental Build of configuration Debug for project MCU-Assignment ****
make -j4 all 
arm-none-eabi-size   MCU-Assignment.elf 
   text	   data	    bss	    dec	    hex	filename
   9944	     20	   1708	  11672	   2d98	MCU-Assignment.elf
Finished building: default.size.stdout
 
15:48:04 **** Build of configuration Debug for project MCU-Assignment ****
make -j4 all 
arm-none-eabi-size   MCU-Assignment.elf 
   text	   data	    bss	    dec	    hex	filename
   9944	     20	   1708	  11672	   2d98	MCU-Assignment.elf
Finished building: default.size.stdout
 
15:48:33 **** Incremental Build of configuration Debug for project MCU-Assignment ****
make -j4 all 
arm-none-eabi-size   MCU-Assignment.elf 
   text	   data	    bss	    dec	    hex	filename
   9944	     20	   1708	  11672	   2d98	MCU-Assignment.elf
Finished building: default.size.stdout
 
15:48:40 **** Incremental Build of configuration Debug for project MCU-Assignment ****
make -j4 all 
arm-none-eabi-size   MCU-Assignment.elf 
   text	   data	    bss	    dec	    hex	filename
   9944	     20	   1708	  11672	   2d98	MCU-Assignment.elf
Finished building: default.size.stdout
 
15:49:10 **** Incremental Build of configuration Debug for project MCU-Assignment ****
make -j4 all 
arm-none-eabi-size   MCU-Assignment.elf 
   text	   data	    bss	    dec	    hex	filename
   9944	     20	   1708	  11672	   2d98	MCU-Assignment.elf
Finished building: default.size.stdout
 
15:49:30 **** Incremental Build of configuration Debug for project MCU-Assignment ****
make -j4 all 
arm-none-eabi-size   MCU-Assignment.elf 
   text	   data	    bss	    dec	    hex	filename
   9944	     20	   1708	  11672	   2d98	MCU-Assignment.elf
Finished building: default.size.stdout
 
22:45:27 **** Build of configuration Debug for project MCU-Assignment ****
make -j4 all 
arm-none-eabi-gcc "../Drivers/STM32F1xx_HAL_Driver/Src/stm32f1xx_hal.c" -mcpu=cortex-m3 -std=gnu11 -g3 -DDEBUG -DUSE_HAL_DRIVER -DSTM32F103xB -c -I../Core/Inc -I../Drivers/STM32F1xx_HAL_Driver/Inc -I../Drivers/STM32F1xx_HAL_Driver/Inc/Legacy -I../Drivers/CMSIS/Device/ST/STM32F1xx/Include -I../Drivers/CMSIS/Include -O0 -ffunction-sections -fdata-sections -Wall -fstack-usage -MMD -MP -MF"Drivers/STM32F1xx_HAL_Driver/Src/stm32f1xx_hal.d" -MT"Drivers/STM32F1xx_HAL_Driver/Src/stm32f1xx_hal.o" --specs=nano.specs -mfloat-abi=soft -mthumb -o "Drivers/STM32F1xx_HAL_Driver/Src/stm32f1xx_hal.o"
arm-none-eabi-gcc "../Drivers/STM32F1xx_HAL_Driver/Src/stm32f1xx_hal_cortex.c" -mcpu=cortex-m3 -std=gnu11 -g3 -DDEBUG -DUSE_HAL_DRIVER -DSTM32F103xB -c -I../Core/Inc -I../Drivers/STM32F1xx_HAL_Driver/Inc -I../Drivers/STM32F1xx_HAL_Driver/Inc/Legacy -I../Drivers/CMSIS/Device/ST/STM32F1xx/Include -I../Drivers/CMSIS/Include -O0 -ffunction-sections -fdata-sections -Wall -fstack-usage -MMD -MP -MF"Drivers/STM32F1xx_HAL_Driver/Src/stm32f1xx_hal_cortex.d" -MT"Drivers/STM32F1xx_HAL_Driver/Src/stm32f1xx_hal_cortex.o" --specs=nano.specs -mfloat-abi=soft -mthumb -o "Drivers/STM32F1xx_HAL_Driver/Src/stm32f1xx_hal_cortex.o"
arm-none-eabi-gcc "../Drivers/STM32F1xx_HAL_Driver/Src/stm32f1xx_hal_dma.c" -mcpu=cortex-m3 -std=gnu11 -g3 -DDEBUG -DUSE_HAL_DRIVER -DSTM32F103xB -c -I../Core/Inc -I../Drivers/STM32F1xx_HAL_Driver/Inc -I../Drivers/STM32F1xx_HAL_Driver/Inc/Legacy -I../Drivers/CMSIS/Device/ST/STM32F1xx/Include -I../Drivers/CMSIS/Include -O0 -ffunction-sections -fdata-sections -Wall -fstack-usage -MMD -MP -MF"Drivers/STM32F1xx_HAL_Driver/Src/stm32f1xx_hal_dma.d" -MT"Drivers/STM32F1xx_HAL_Driver/Src/stm32f1xx_hal_dma.o" --specs=nano.specs -mfloat-abi=soft -mthumb -o "Drivers/STM32F1xx_HAL_Driver/Src/stm32f1xx_hal_dma.o"
arm-none-eabi-gcc "../Drivers/STM32F1xx_HAL_Driver/Src/stm32f1xx_hal_exti.c" -mcpu=cortex-m3 -std=gnu11 -g3 -DDEBUG -DUSE_HAL_DRIVER -DSTM32F103xB -c -I../Core/Inc -I../Drivers/STM32F1xx_HAL_Driver/Inc -I../Drivers/STM32F1xx_HAL_Driver/Inc/Legacy -I../Drivers/CMSIS/Device/ST/STM32F1xx/Include -I../Drivers/CMSIS/Include -O0 -ffunction-sections -fdata-sections -Wall -fstack-usage -MMD -MP -MF"Drivers/STM32F1xx_HAL_Driver/Src/stm32f1xx_hal_exti.d" -MT"Drivers/STM32F1xx_HAL_Driver/Src/stm32f1xx_hal_exti.o" --specs=nano.specs -mfloat-abi=soft -mthumb -o "Drivers/STM32F1xx_HAL_Driver/Src/stm32f1xx_hal_exti.o"
arm-none-eabi-gcc "../Drivers/STM32F1xx_HAL_Driver/Src/stm32f1xx_hal_flash.c" -mcpu=cortex-m3 -std=gnu11 -g3 -DDEBUG -DUSE_HAL_DRIVER -DSTM32F103xB -c -I../Core/Inc -I../Drivers/STM32F1xx_HAL_Driver/Inc -I../Drivers/STM32F1xx_HAL_Driver/Inc/Legacy -I../Drivers/CMSIS/Device/ST/STM32F1xx/Include -I../Drivers/CMSIS/Include -O0 -ffunction-sections -fdata-sections -Wall -fstack-usage -MMD -MP -MF"Drivers/STM32F1xx_HAL_Driver/Src/stm32f1xx_hal_flash.d" -MT"Drivers/STM32F1xx_HAL_Driver/Src/stm32f1xx_hal_flash.o" --specs=nano.specs -mfloat-abi=soft -mthumb -o "Drivers/STM32F1xx_HAL_Driver/Src/stm32f1xx_hal_flash.o"
arm-none-eabi-gcc "../Drivers/STM32F1xx_HAL_Driver/Src/stm32f1xx_hal_flash_ex.c" -mcpu=cortex-m3 -std=gnu11 -g3 -DDEBUG -DUSE_HAL_DRIVER -DSTM32F103xB -c -I../Core/Inc -I../Drivers/STM32F1xx_HAL_Driver/Inc -I../Drivers/STM32F1xx_HAL_Driver/Inc/Legacy -I../Drivers/CMSIS/Device/ST/STM32F1xx/Include -I../Drivers/CMSIS/Include -O0 -ffunction-sections -fdata-sections -Wall -fstack-usage -MMD -MP -MF"Drivers/STM32F1xx_HAL_Driver/Src/stm32f1xx_hal_flash_ex.d" -MT"Drivers/STM32F1xx_HAL_Driver/Src/stm32f1xx_hal_flash_ex.o" --specs=nano.specs -mfloat-abi=soft -mthumb -o "Drivers/STM32F1xx_HAL_Driver/Src/stm32f1xx_hal_flash_ex.o"
arm-none-eabi-gcc "../Drivers/STM32F1xx_HAL_Driver/Src/stm32f1xx_hal_gpio.c" -mcpu=cortex-m3 -std=gnu11 -g3 -DDEBUG -DUSE_HAL_DRIVER -DSTM32F103xB -c -I../Core/Inc -I../Drivers/STM32F1xx_HAL_Driver/Inc -I../Drivers/STM32F1xx_HAL_Driver/Inc/Legacy -I../Drivers/CMSIS/Device/ST/STM32F1xx/Include -I../Drivers/CMSIS/Include -O0 -ffunction-sections -fdata-sections -Wall -fstack-usage -MMD -MP -MF"Drivers/STM32F1xx_HAL_Driver/Src/stm32f1xx_hal_gpio.d" -MT"Drivers/STM32F1xx_HAL_Driver/Src/stm32f1xx_hal_gpio.o" --specs=nano.specs -mfloat-abi=soft -mthumb -o "Drivers/STM32F1xx_HAL_Driver/Src/stm32f1xx_hal_gpio.o"
arm-none-eabi-gcc "../Drivers/STM32F1xx_HAL_Driver/Src/stm32f1xx_hal_gpio_ex.c" -mcpu=cortex-m3 -std=gnu11 -g3 -DDEBUG -DUSE_HAL_DRIVER -DSTM32F103xB -c -I../Core/Inc -I../Drivers/STM32F1xx_HAL_Driver/Inc -I../Drivers/STM32F1xx_HAL_Driver/Inc/Legacy -I../Drivers/CMSIS/Device/ST/STM32F1xx/Include -I../Drivers/CMSIS/Include -O0 -ffunction-sections -fdata-sections -Wall -fstack-usage -MMD -MP -MF"Drivers/STM32F1xx_HAL_Driver/Src/stm32f1xx_hal_gpio_ex.d" -MT"Drivers/STM32F1xx_HAL_Driver/Src/stm32f1xx_hal_gpio_ex.o" --specs=nano.specs -mfloat-abi=soft -mthumb -o "Drivers/STM32F1xx_HAL_Driver/Src/stm32f1xx_hal_gpio_ex.o"
arm-none-eabi-gcc "../Drivers/STM32F1xx_HAL_Driver/Src/stm32f1xx_hal_pwr.c" -mcpu=cortex-m3 -std=gnu11 -g3 -DDEBUG -DUSE_HAL_DRIVER -DSTM32F103xB -c -I../Core/Inc -I../Drivers/STM32F1xx_HAL_Driver/Inc -I../Drivers/STM32F1xx_HAL_Driver/Inc/Legacy -I../Drivers/CMSIS/Device/ST/STM32F1xx/Include -I../Drivers/CMSIS/Include -O0 -ffunction-sections -fdata-sections -Wall -fstack-usage -MMD -MP -MF"Drivers/STM32F1xx_HAL_Driver/Src/stm32f1xx_hal_pwr.d" -MT"Drivers/STM32F1xx_HAL_Driver/Src/stm32f1xx_hal_pwr.o" --specs=nano.specs -mfloat-abi=soft -mthumb -o "Drivers/STM32F1xx_HAL_Driver/Src/stm32f1xx_hal_pwr.o"
arm-none-eabi-gcc "../Drivers/STM32F1xx_HAL_Driver/Src/stm32f1xx_hal_rcc.c" -mcpu=cortex-m3 -std=gnu11 -g3 -DDEBUG -DUSE_HAL_DRIVER -DSTM32F103xB -c -I../Core/Inc -I../Drivers/STM32F1xx_HAL_Driver/Inc -I../Drivers/STM32F1xx_HAL_Driver/Inc/Legacy -I../Drivers/CMSIS/Device/ST/STM32F1xx/Include -I../Drivers/CMSIS/Include -O0 -ffunction-sections -fdata-sections -Wall -fstack-usage -MMD -MP -MF"Drivers/STM32F1xx_HAL_Driver/Src/stm32f1xx_hal_rcc.d" -MT"Drivers/STM32F1xx_HAL_Driver/Src/stm32f1xx_hal_rcc.o" --specs=nano.specs -mfloat-abi=soft -mthumb -o "Drivers/STM32F1xx_HAL_Driver/Src/stm32f1xx_hal_rcc.o"
arm-none-eabi-gcc "../Drivers/STM32F1xx_HAL_Driver/Src/stm32f1xx_hal_rcc_ex.c" -mcpu=cortex-m3 -std=gnu11 -g3 -DDEBUG -DUSE_HAL_DRIVER -DSTM32F103xB -c -I../Core/Inc -I../Drivers/STM32F1xx_HAL_Driver/Inc -I../Drivers/STM32F1xx_HAL_Driver/Inc/Legacy -I../Drivers/CMSIS/Device/ST/STM32F1xx/Include -I../Drivers/CMSIS/Include -O0 -ffunction-sections -fdata-sections -Wall -fstack-usage -MMD -MP -MF"Drivers/STM32F1xx_HAL_Driver/Src/stm32f1xx_hal_rcc_ex.d" -MT"Drivers/STM32F1xx_HAL_Driver/Src/stm32f1xx_hal_rcc_ex.o" --specs=nano.specs -mfloat-abi=soft -mthumb -o "Drivers/STM32F1xx_HAL_Driver/Src/stm32f1xx_hal_rcc_ex.o"
arm-none-eabi-gcc "../Drivers/STM32F1xx_HAL_Driver/Src/stm32f1xx_hal_tim.c" -mcpu=cortex-m3 -std=gnu11 -g3 -DDEBUG -DUSE_HAL_DRIVER -DSTM32F103xB -c -I../Core/Inc -I../Drivers/STM32F1xx_HAL_Driver/Inc -I../Drivers/STM32F1xx_HAL_Driver/Inc/Legacy -I../Drivers/CMSIS/Device/ST/STM32F1xx/Include -I../Drivers/CMSIS/Include -O0 -ffunction-sections -fdata-sections -Wall -fstack-usage -MMD -MP -MF"Drivers/STM32F1xx_HAL_Driver/Src/stm32f1xx_hal_tim.d" -MT"Drivers/STM32F1xx_HAL_Driver/Src/stm32f1xx_hal_tim.o" --specs=nano.specs -mfloat-abi=soft -mthumb -o "Drivers/STM32F1xx_HAL_Driver/Src/stm32f1xx_hal_tim.o"
arm-none-eabi-gcc "../Drivers/STM32F1xx_HAL_Driver/Src/stm32f1xx_hal_tim_ex.c" -mcpu=cortex-m3 -std=gnu11 -g3 -DDEBUG -DUSE_HAL_DRIVER -DSTM32F103xB -c -I../Core/Inc -I../Drivers/STM32F1xx_HAL_Driver/Inc -I../Drivers/STM32F1xx_HAL_Driver/Inc/Legacy -I../Drivers/CMSIS/Device/ST/STM32F1xx/Include -I../Drivers/CMSIS/Include -O0 -ffunction-sections -fdata-sections -Wall -fstack-usage -MMD -MP -MF"Drivers/STM32F1xx_HAL_Driver/Src/stm32f1xx_hal_tim_ex.d" -MT"Drivers/STM32F1xx_HAL_Driver/Src/stm32f1xx_hal_tim_ex.o" --specs=nano.specs -mfloat-abi=soft -mthumb -o "Drivers/STM32F1xx_HAL_Driver/Src/stm32f1xx_hal_tim_ex.o"
arm-none-eabi-gcc "../Drivers/STM32F1xx_HAL_Driver/Src/stm32f1xx_hal_uart.c" -mcpu=cortex-m3 -std=gnu11 -g3 -DDEBUG -DUSE_HAL_DRIVER -DSTM32F103xB -c -I../Core/Inc -I../Drivers/STM32F1xx_HAL_Driver/Inc -I../Drivers/STM32F1xx_HAL_Driver/Inc/Legacy -I../Drivers/CMSIS/Device/ST/STM32F1xx/Include -I../Drivers/CMSIS/Include -O0 -ffunction-sections -fdata-sections -Wall -fstack-usage -MMD -MP -MF"Drivers/STM32F1xx_HAL_Driver/Src/stm32f1xx_hal_uart.d" -MT"Drivers/STM32F1xx_HAL_Driver/Src/stm32f1xx_hal_uart.o" --specs=nano.specs -mfloat-abi=soft -mthumb -o "Drivers/STM32F1xx_HAL_Driver/Src/stm32f1xx_hal_uart.o"
arm-none-eabi-gcc "../Core/Src/main.c" -mcpu=cortex-m3 -std=gnu11 -g3 -DDEBUG -DUSE_HAL_DRIVER -DSTM32F103xB -c -I../Core/Inc -I../Drivers/STM32F1xx_HAL_Driver/Inc -I../Drivers/STM32F1xx_HAL_Driver/Inc/Legacy -I../Drivers/CMSIS/Device/ST/STM32F1xx/Include -I../Drivers/CMSIS/Include -O0 -ffunction-sections -fdata-sections -Wall -fstack-usage -MMD -MP -MF"Core/Src/main.d" -MT"Core/Src/main.o" --specs=nano.specs -mfloat-abi=soft -mthumb -o "Core/Src/main.o"
arm-none-eabi-gcc "../Core/Src/stm32f1xx_hal_msp.c" -mcpu=cortex-m3 -std=gnu11 -g3 -DDEBUG -DUSE_HAL_DRIVER -DSTM32F103xB -c -I../Core/Inc -I../Drivers/STM32F1xx_HAL_Driver/Inc -I../Drivers/STM32F1xx_HAL_Driver/Inc/Legacy -I../Drivers/CMSIS/Device/ST/STM32F1xx/Include -I../Drivers/CMSIS/Include -O0 -ffunction-sections -fdata-sections -Wall -fstack-usage -MMD -MP -MF"Core/Src/stm32f1xx_hal_msp.d" -MT"Core/Src/stm32f1xx_hal_msp.o" --specs=nano.specs -mfloat-abi=soft -mthumb -o "Core/Src/stm32f1xx_hal_msp.o"
arm-none-eabi-gcc "../Core/Src/stm32f1xx_it.c" -mcpu=cortex-m3 -std=gnu11 -g3 -DDEBUG -DUSE_HAL_DRIVER -DSTM32F103xB -c -I../Core/Inc -I../Drivers/STM32F1xx_HAL_Driver/Inc -I../Drivers/STM32F1xx_HAL_Driver/Inc/Legacy -I../Drivers/CMSIS/Device/ST/STM32F1xx/Include -I../Drivers/CMSIS/Include -O0 -ffunction-sections -fdata-sections -Wall -fstack-usage -MMD -MP -MF"Core/Src/stm32f1xx_it.d" -MT"Core/Src/stm32f1xx_it.o" --specs=nano.specs -mfloat-abi=soft -mthumb -o "Core/Src/stm32f1xx_it.o"
arm-none-eabi-gcc "../Core/Src/system_stm32f1xx.c" -mcpu=cortex-m3 -std=gnu11 -g3 -DDEBUG -DUSE_HAL_DRIVER -DSTM32F103xB -c -I../Core/Inc -I../Drivers/STM32F1xx_HAL_Driver/Inc -I../Drivers/STM32F1xx_HAL_Driver/Inc/Legacy -I../Drivers/CMSIS/Device/ST/STM32F1xx/Include -I../Drivers/CMSIS/Include -O0 -ffunction-sections -fdata-sections -Wall -fstack-usage -MMD -MP -MF"Core/Src/system_stm32f1xx.d" -MT"Core/Src/system_stm32f1xx.o" --specs=nano.specs -mfloat-abi=soft -mthumb -o "Core/Src/system_stm32f1xx.o"
arm-none-eabi-gcc -o "MCU-Assignment.elf" @"objects.list"   -mcpu=cortex-m3 -T"D:\Workspace\Lab MCU\Project Assignment\STM32\MCU-Assignment\STM32F103RBTX_FLASH.ld" --specs=nosys.specs -Wl,-Map="MCU-Assignment.map" -Wl,--gc-sections -static --specs=nano.specs -mfloat-abi=soft -mthumb -Wl,--start-group -lc -lm -Wl,--end-group
Finished building target: MCU-Assignment.elf
 
arm-none-eabi-size   MCU-Assignment.elf 
arm-none-eabi-objdump -h -S  MCU-Assignment.elf  > "MCU-Assignment.list"
arm-none-eabi-objcopy  -O ihex  MCU-Assignment.elf  "MCU-Assignment.hex"
arm-none-eabi-objcopy  -O binary  MCU-Assignment.elf  "MCU-Assignment.bin"
   text	   data	    bss	    dec	    hex	filename
  10040	     20	   1708	  11768	   2df8	MCU-Assignment.elf
Finished building: default.size.stdout
 
Finished building: MCU-Assignment.list
 
Finished building: MCU-Assignment.hex
Finished building: MCU-Assignment.bin
 
 
22:50:14 **** Incremental Build of configuration Debug for project MCU-Assignment ****
make -j4 all 
arm-none-eabi-gcc "../Core/Src/button.c" -mcpu=cortex-m3 -std=gnu11 -g3 -DDEBUG -DUSE_HAL_DRIVER -DSTM32F103xB -c -I../Core/Inc -I../Drivers/STM32F1xx_HAL_Driver/Inc -I../Drivers/STM32F1xx_HAL_Driver/Inc/Legacy -I../Drivers/CMSIS/Device/ST/STM32F1xx/Include -I../Drivers/CMSIS/Include -O0 -ffunction-sections -fdata-sections -Wall -fstack-usage -MMD -MP -MF"Core/Src/button.d" -MT"Core/Src/button.o" --specs=nano.specs -mfloat-abi=soft -mthumb -o "Core/Src/button.o"
arm-none-eabi-gcc "../Core/Src/display.c" -mcpu=cortex-m3 -std=gnu11 -g3 -DDEBUG -DUSE_HAL_DRIVER -DSTM32F103xB -c -I../Core/Inc -I../Drivers/STM32F1xx_HAL_Driver/Inc -I../Drivers/STM32F1xx_HAL_Driver/Inc/Legacy -I../Drivers/CMSIS/Device/ST/STM32F1xx/Include -I../Drivers/CMSIS/Include -O0 -ffunction-sections -fdata-sections -Wall -fstack-usage -MMD -MP -MF"Core/Src/display.d" -MT"Core/Src/display.o" --specs=nano.specs -mfloat-abi=soft -mthumb -o "Core/Src/display.o"
arm-none-eabi-gcc "../Core/Src/fsm_traffic_light.c" -mcpu=cortex-m3 -std=gnu11 -g3 -DDEBUG -DUSE_HAL_DRIVER -DSTM32F103xB -c -I../Core/Inc -I../Drivers/STM32F1xx_HAL_Driver/Inc -I../Drivers/STM32F1xx_HAL_Driver/Inc/Legacy -I../Drivers/CMSIS/Device/ST/STM32F1xx/Include -I../Drivers/CMSIS/Include -O0 -ffunction-sections -fdata-sections -Wall -fstack-usage -MMD -MP -MF"Core/Src/fsm_traffic_light.d" -MT"Core/Src/fsm_traffic_light.o" --specs=nano.specs -mfloat-abi=soft -mthumb -o "Core/Src/fsm_traffic_light.o"
arm-none-eabi-gcc "../Core/Src/global.c" -mcpu=cortex-m3 -std=gnu11 -g3 -DDEBUG -DUSE_HAL_DRIVER -DSTM32F103xB -c -I../Core/Inc -I../Drivers/STM32F1xx_HAL_Driver/Inc -I../Drivers/STM32F1xx_HAL_Driver/Inc/Legacy -I../Drivers/CMSIS/Device/ST/STM32F1xx/Include -I../Drivers/CMSIS/Include -O0 -ffunction-sections -fdata-sections -Wall -fstack-usage -MMD -MP -MF"Core/Src/global.d" -MT"Core/Src/global.o" --specs=nano.specs -mfloat-abi=soft -mthumb -o "Core/Src/global.o"
../Core/Src/button.c: In function 'getKeyInput':
../Core/Src/button.c:42:34: error: 'MODE_GPIO_Port' undeclared (first use in this function); did you mean 'LD2_GPIO_Port'?
   42 |    KeyReg2[i] = HAL_GPIO_ReadPin(MODE_GPIO_Port, MODE_Pin);
      |                                  ^~~~~~~~~~~~~~
      |                                  LD2_GPIO_Port
../Core/Src/button.c:42:34: note: each undeclared identifier is reported only once for each function it appears in
../Core/Src/button.c:42:50: error: 'MODE_Pin' undeclared (first use in this function); did you mean 'D6_Pin'?
   42 |    KeyReg2[i] = HAL_GPIO_ReadPin(MODE_GPIO_Port, MODE_Pin);
      |                                                  ^~~~~~~~
      |                                                  D6_Pin
../Core/Src/button.c:45:34: error: 'INC_GPIO_Port' undeclared (first use in this function); did you mean 'A0_GPIO_Port'?
   45 |    KeyReg2[i] = HAL_GPIO_ReadPin(INC_GPIO_Port, INC_Pin);
      |                                  ^~~~~~~~~~~~~
      |                                  A0_GPIO_Port
../Core/Src/button.c:45:49: error: 'INC_Pin' undeclared (first use in this function)
   45 |    KeyReg2[i] = HAL_GPIO_ReadPin(INC_GPIO_Port, INC_Pin);
      |                                                 ^~~~~~~
../Core/Src/button.c:48:34: error: 'SET_GPIO_Port' undeclared (first use in this function); did you mean 'A0_GPIO_Port'?
   48 |    KeyReg2[i] = HAL_GPIO_ReadPin(SET_GPIO_Port, SET_Pin);
      |                                  ^~~~~~~~~~~~~
      |                                  A0_GPIO_Port
../Core/Src/button.c:48:49: error: 'SET_Pin' undeclared (first use in this function)
   48 |    KeyReg2[i] = HAL_GPIO_ReadPin(SET_GPIO_Port, SET_Pin);
      |                                                 ^~~~~~~
../Core/Src/display.c: In function 'display7SEG':
../Core/Src/display.c:19:20: error: 'SEG0_GPIO_Port' undeclared (first use in this function); did you mean 'A0_GPIO_Port'?
   19 |  HAL_GPIO_WritePin(SEG0_GPIO_Port, SEG0_Pin, bit_var);
      |                    ^~~~~~~~~~~~~~
      |                    A0_GPIO_Port
../Core/Src/display.c:19:20: note: each undeclared identifier is reported only once for each function it appears in
../Core/Src/display.c:19:36: error: 'SEG0_Pin' undeclared (first use in this function); did you mean 'A0_Pin'?
   19 |  HAL_GPIO_WritePin(SEG0_GPIO_Port, SEG0_Pin, bit_var);
      |                                    ^~~~~~~~
      |                                    A0_Pin
../Core/Src/display.c:22:20: error: 'SEG1_GPIO_Port' undeclared (first use in this function); did you mean 'A1_GPIO_Port'?
   22 |  HAL_GPIO_WritePin(SEG1_GPIO_Port, SEG1_Pin, bit_var);
      |                    ^~~~~~~~~~~~~~
      |                    A1_GPIO_Port
../Core/Src/display.c:22:36: error: 'SEG1_Pin' undeclared (first use in this function); did you mean 'A1_Pin'?
   22 |  HAL_GPIO_WritePin(SEG1_GPIO_Port, SEG1_Pin, bit_var);
      |                                    ^~~~~~~~
      |                                    A1_Pin
../Core/Src/fsm_traffic_light.c: In function 'fsm_traffic_light':
../Core/Src/fsm_traffic_light.c:30:21: error: 'LR_GPIO_Port' undeclared (first use in this function); did you mean 'A0_GPIO_Port'?
   30 |   HAL_GPIO_WritePin(LR_GPIO_Port, LR_Pin, RESET);
      |                     ^~~~~~~~~~~~
      |                     A0_GPIO_Port
../Core/Src/fsm_traffic_light.c:30:21: note: each undeclared identifier is reported only once for each function it appears in
../Core/Src/fsm_traffic_light.c:30:35: error: 'LR_Pin' undeclared (first use in this function); did you mean 'D6_Pin'?
   30 |   HAL_GPIO_WritePin(LR_GPIO_Port, LR_Pin, RESET);
      |                                   ^~~~~~
      |                                   D6_Pin
../Core/Src/fsm_traffic_light.c:31:21: error: 'LA_GPIO_Port' undeclared (first use in this function); did you mean 'A0_GPIO_Port'?
   31 |   HAL_GPIO_WritePin(LA_GPIO_Port, LA_Pin, SET);
      |                     ^~~~~~~~~~~~
      |                     A0_GPIO_Port
../Core/Src/fsm_traffic_light.c:31:35: error: 'LA_Pin' undeclared (first use in this function); did you mean 'D6_Pin'?
   31 |   HAL_GPIO_WritePin(LA_GPIO_Port, LA_Pin, SET);
      |                                   ^~~~~~
      |                                   D6_Pin
../Core/Src/fsm_traffic_light.c:32:21: error: 'LG_GPIO_Port' undeclared (first use in this function); did you mean 'A0_GPIO_Port'?
   32 |   HAL_GPIO_WritePin(LG_GPIO_Port, LG_Pin, SET);
      |                     ^~~~~~~~~~~~
      |                     A0_GPIO_Port
../Core/Src/fsm_traffic_light.c:32:35: error: 'LG_Pin' undeclared (first use in this function); did you mean 'D6_Pin'?
   32 |   HAL_GPIO_WritePin(LG_GPIO_Port, LG_Pin, SET);
      |                                   ^~~~~~
      |                                   D6_Pin
../Core/Src/display.c:25:20: error: 'SEG2_GPIO_Port' undeclared (first use in this function); did you mean 'LD2_GPIO_Port'?
   25 |  HAL_GPIO_WritePin(SEG2_GPIO_Port, SEG2_Pin, bit_var);
      |                    ^~~~~~~~~~~~~~
      |                    LD2_GPIO_Port
../Core/Src/fsm_traffic_light.c:33:21: error: 'PR_GPIO_Port' undeclared (first use in this function); did you mean 'A0_GPIO_Port'?
   33 |   HAL_GPIO_WritePin(PR_GPIO_Port, PR_Pin, SET);
      |                     ^~~~~~~~~~~~
      |                     A0_GPIO_Port
../Core/Src/display.c:25:36: error: 'SEG2_Pin' undeclared (first use in this function); did you mean 'A2_Pin'?
   25 |  HAL_GPIO_WritePin(SEG2_GPIO_Port, SEG2_Pin, bit_var);
      |                                    ^~~~~~~~
      |                                    A2_Pin
make: *** [Core/Src/subdir.mk:49: Core/Src/button.o] Error 1
make: *** Waiting for unfinished jobs....
../Core/Src/fsm_traffic_light.c:33:35: error: 'PR_Pin' undeclared (first use in this function); did you mean 'D6_Pin'?
   33 |   HAL_GPIO_WritePin(PR_GPIO_Port, PR_Pin, SET);
      |                                   ^~~~~~
      |                                   D6_Pin
../Core/Src/fsm_traffic_light.c:34:21: error: 'PA_GPIO_Port' undeclared (first use in this function); did you mean 'A0_GPIO_Port'?
   34 |   HAL_GPIO_WritePin(PA_GPIO_Port, PA_Pin, SET);
      |                     ^~~~~~~~~~~~
      |                     A0_GPIO_Port
../Core/Src/fsm_traffic_light.c:34:35: error: 'PA_Pin' undeclared (first use in this function); did you mean 'D6_Pin'?
   34 |   HAL_GPIO_WritePin(PA_GPIO_Port, PA_Pin, SET);
      |                                   ^~~~~~
      |                                   D6_Pin
../Core/Src/display.c:28:20: error: 'SEG3_GPIO_Port' undeclared (first use in this function); did you mean 'A3_GPIO_Port'?
   28 |  HAL_GPIO_WritePin(SEG3_GPIO_Port, SEG3_Pin, bit_var);
      |                    ^~~~~~~~~~~~~~
      |                    A3_GPIO_Port
../Core/Src/display.c:28:36: error: 'SEG3_Pin' undeclared (first use in this function); did you mean 'A3_Pin'?
   28 |  HAL_GPIO_WritePin(SEG3_GPIO_Port, SEG3_Pin, bit_var);
      |                                    ^~~~~~~~
      |                                    A3_Pin
../Core/Src/fsm_traffic_light.c:35:21: error: 'PG_GPIO_Port' undeclared (first use in this function); did you mean 'A0_GPIO_Port'?
   35 |   HAL_GPIO_WritePin(PG_GPIO_Port, PG_Pin, RESET);
      |                     ^~~~~~~~~~~~
      |                     A0_GPIO_Port
../Core/Src/fsm_traffic_light.c:35:35: error: 'PG_Pin' undeclared (first use in this function); did you mean 'D6_Pin'?
   35 |   HAL_GPIO_WritePin(PG_GPIO_Port, PG_Pin, RESET);
      |                                   ^~~~~~
      |                                   D6_Pin
../Core/Src/display.c:31:20: error: 'SEG4_GPIO_Port' undeclared (first use in this function); did you mean 'D4_GPIO_Port'?
   31 |  HAL_GPIO_WritePin(SEG4_GPIO_Port, SEG4_Pin, bit_var);
      |                    ^~~~~~~~~~~~~~
      |                    D4_GPIO_Port
../Core/Src/display.c:31:36: error: 'SEG4_Pin' undeclared (first use in this function); did you mean 'D4_Pin'?
   31 |  HAL_GPIO_WritePin(SEG4_GPIO_Port, SEG4_Pin, bit_var);
      |                                    ^~~~~~~~
      |                                    D4_Pin
make: *** [Core/Src/subdir.mk:49: Core/Src/fsm_traffic_light.o] Error 1
../Core/Src/display.c:34:20: error: 'SEG5_GPIO_Port' undeclared (first use in this function); did you mean 'D5_GPIO_Port'?
   34 |  HAL_GPIO_WritePin(SEG5_GPIO_Port, SEG5_Pin, bit_var);
      |                    ^~~~~~~~~~~~~~
      |                    D5_GPIO_Port
../Core/Src/display.c:34:36: error: 'SEG5_Pin' undeclared (first use in this function); did you mean 'D5_Pin'?
   34 |  HAL_GPIO_WritePin(SEG5_GPIO_Port, SEG5_Pin, bit_var);
      |                                    ^~~~~~~~
      |                                    D5_Pin
../Core/Src/display.c:37:20: error: 'SEG6_GPIO_Port' undeclared (first use in this function); did you mean 'D6_GPIO_Port'?
   37 |  HAL_GPIO_WritePin(SEG6_GPIO_Port, SEG6_Pin, bit_var);
      |                    ^~~~~~~~~~~~~~
      |                    D6_GPIO_Port
../Core/Src/display.c:37:36: error: 'SEG6_Pin' undeclared (first use in this function); did you mean 'D6_Pin'?
   37 |  HAL_GPIO_WritePin(SEG6_GPIO_Port, SEG6_Pin, bit_var);
      |                                    ^~~~~~~~
      |                                    D6_Pin
../Core/Src/display.c: In function 'update7SEG':
../Core/Src/display.c:49:21: error: 'P1_GPIO_Port' undeclared (first use in this function); did you mean 'A1_GPIO_Port'?
   49 |   HAL_GPIO_WritePin(P1_GPIO_Port, P1_Pin, RESET);
      |                     ^~~~~~~~~~~~
      |                     A1_GPIO_Port
../Core/Src/display.c:49:35: error: 'P1_Pin' undeclared (first use in this function); did you mean 'A1_Pin'?
   49 |   HAL_GPIO_WritePin(P1_GPIO_Port, P1_Pin, RESET);
      |                                   ^~~~~~
      |                                   A1_Pin
../Core/Src/display.c:50:21: error: 'P2_GPIO_Port' undeclared (first use in this function); did you mean 'A2_GPIO_Port'?
   50 |   HAL_GPIO_WritePin(P2_GPIO_Port, P2_Pin, SET);
      |                     ^~~~~~~~~~~~
      |                     A2_GPIO_Port
../Core/Src/display.c:50:35: error: 'P2_Pin' undeclared (first use in this function); did you mean 'A2_Pin'?
   50 |   HAL_GPIO_WritePin(P2_GPIO_Port, P2_Pin, SET);
      |                                   ^~~~~~
      |                                   A2_Pin
../Core/Src/display.c:51:21: error: 'L1_GPIO_Port' undeclared (first use in this function); did you mean 'A1_GPIO_Port'?
   51 |   HAL_GPIO_WritePin(L1_GPIO_Port, L1_Pin, SET);
      |                     ^~~~~~~~~~~~
      |                     A1_GPIO_Port
../Core/Src/display.c:51:35: error: 'L1_Pin' undeclared (first use in this function); did you mean 'A1_Pin'?
   51 |   HAL_GPIO_WritePin(L1_GPIO_Port, L1_Pin, SET);
      |                                   ^~~~~~
      |                                   A1_Pin
../Core/Src/display.c:52:21: error: 'L2_GPIO_Port' undeclared (first use in this function); did you mean 'LD2_GPIO_Port'?
   52 |   HAL_GPIO_WritePin(L2_GPIO_Port, L2_Pin, SET);
      |                     ^~~~~~~~~~~~
      |                     LD2_GPIO_Port
[...]
      |                    ^~~~~~~~~~~~
      |                    A0_GPIO_Port
../Core/Src/display.c:37:34: error: 'PG_Pin' undeclared (first use in this function); did you mean 'D6_Pin'?
   37 |  HAL_GPIO_WritePin(PG_GPIO_Port, PG_Pin, SET);
      |                                  ^~~~~~
      |                                  D6_Pin
../Core/Src/display.c: In function 'redp_yellowl':
../Core/Src/display.c:41:20: error: 'LR_GPIO_Port' undeclared (first use in this function); did you mean 'A0_GPIO_Port'?
   41 |  HAL_GPIO_WritePin(LR_GPIO_Port, LR_Pin, SET);
      |                    ^~~~~~~~~~~~
      |                    A0_GPIO_Port
../Core/Src/display.c:41:34: error: 'LR_Pin' undeclared (first use in this function); did you mean 'D6_Pin'?
   41 |  HAL_GPIO_WritePin(LR_GPIO_Port, LR_Pin, SET);
      |                                  ^~~~~~
      |                                  D6_Pin
../Core/Src/display.c:42:20: error: 'LY_GPIO_Port' undeclared (first use in this function); did you mean 'A0_GPIO_Port'?
   42 |  HAL_GPIO_WritePin(LY_GPIO_Port, LY_Pin, RESET);
      |                    ^~~~~~~~~~~~
      |                    A0_GPIO_Port
../Core/Src/display.c:42:34: error: 'LY_Pin' undeclared (first use in this function); did you mean 'D6_Pin'?
   42 |  HAL_GPIO_WritePin(LY_GPIO_Port, LY_Pin, RESET);
      |                                  ^~~~~~
      |                                  D6_Pin
../Core/Src/display.c:43:20: error: 'LG_GPIO_Port' undeclared (first use in this function); did you mean 'A0_GPIO_Port'?
   43 |  HAL_GPIO_WritePin(LG_GPIO_Port, LG_Pin, SET);
      |                    ^~~~~~~~~~~~
      |                    A0_GPIO_Port
../Core/Src/display.c:43:34: error: 'LG_Pin' undeclared (first use in this function); did you mean 'D6_Pin'?
   43 |  HAL_GPIO_WritePin(LG_GPIO_Port, LG_Pin, SET);
      |                                  ^~~~~~
      |                                  D6_Pin
../Core/Src/display.c:44:20: error: 'PR_GPIO_Port' undeclared (first use in this function); did you mean 'A0_GPIO_Port'?
   44 |  HAL_GPIO_WritePin(PR_GPIO_Port, PR_Pin, RESET);
      |                    ^~~~~~~~~~~~
      |                    A0_GPIO_Port
../Core/Src/display.c:44:34: error: 'PR_Pin' undeclared (first use in this function); did you mean 'D6_Pin'?
   44 |  HAL_GPIO_WritePin(PR_GPIO_Port, PR_Pin, RESET);
      |                                  ^~~~~~
      |                                  D6_Pin
../Core/Src/display.c:45:20: error: 'PY_GPIO_Port' undeclared (first use in this function); did you mean 'A0_GPIO_Port'?
   45 |  HAL_GPIO_WritePin(PY_GPIO_Port, PY_Pin, SET);
      |                    ^~~~~~~~~~~~
      |                    A0_GPIO_Port
../Core/Src/display.c:45:34: error: 'PY_Pin' undeclared (first use in this function); did you mean 'D6_Pin'?
   45 |  HAL_GPIO_WritePin(PY_GPIO_Port, PY_Pin, SET);
      |                                  ^~~~~~
      |                                  D6_Pin
../Core/Src/display.c:46:20: error: 'PG_GPIO_Port' undeclared (first use in this function); did you mean 'A0_GPIO_Port'?
   46 |  HAL_GPIO_WritePin(PG_GPIO_Port, PG_Pin, SET);
      |                    ^~~~~~~~~~~~
      |                    A0_GPIO_Port
../Core/Src/display.c:46:34: error: 'PG_Pin' undeclared (first use in this function); did you mean 'D6_Pin'?
   46 |  HAL_GPIO_WritePin(PG_GPIO_Port, PG_Pin, SET);
      |                                  ^~~~~~
      |                                  D6_Pin
../Core/Src/display.c: In function 'toggle_red':
../Core/Src/display.c:50:21: error: 'LR_GPIO_Port' undeclared (first use in this function); did you mean 'A0_GPIO_Port'?
   50 |  HAL_GPIO_TogglePin(LR_GPIO_Port, LR_Pin);
      |                     ^~~~~~~~~~~~
      |                     A0_GPIO_Port
../Core/Src/display.c:50:35: error: 'LR_Pin' undeclared (first use in this function); did you mean 'D6_Pin'?
   50 |  HAL_GPIO_TogglePin(LR_GPIO_Port, LR_Pin);
      |                                   ^~~~~~
      |                                   D6_Pin
../Core/Src/display.c:51:20: error: 'LY_GPIO_Port' undeclared (first use in this function); did you mean 'A0_GPIO_Port'?
   51 |  HAL_GPIO_WritePin(LY_GPIO_Port, LY_Pin, SET);
      |                    ^~~~~~~~~~~~
      |                    A0_GPIO_Port
../Core/Src/display.c:51:34: error: 'LY_Pin' undeclared (first use in this function); did you mean 'D6_Pin'?
   51 |  HAL_GPIO_WritePin(LY_GPIO_Port, LY_Pin, SET);
      |                                  ^~~~~~
      |                                  D6_Pin
../Core/Src/display.c:52:20: error: 'LG_GPIO_Port' undeclared (first use in this function); did you mean 'A0_GPIO_Port'?
   52 |  HAL_GPIO_WritePin(LG_GPIO_Port, LG_Pin, SET);
      |                    ^~~~~~~~~~~~
      |                    A0_GPIO_Port
../Core/Src/display.c:52:34: error: 'LG_Pin' undeclared (first use in this function); did you mean 'D6_Pin'?
   52 |  HAL_GPIO_WritePin(LG_GPIO_Port, LG_Pin, SET);
      |                                  ^~~~~~
      |                                  D6_Pin
../Core/Src/display.c:53:21: error: 'PR_GPIO_Port' undeclared (first use in this function); did you mean 'A0_GPIO_Port'?
   53 |  HAL_GPIO_TogglePin(PR_GPIO_Port, PR_Pin);
      |                     ^~~~~~~~~~~~
      |                     A0_GPIO_Port
../Core/Src/display.c:53:35: error: 'PR_Pin' undeclared (first use in this function); did you mean 'D6_Pin'?
   53 |  HAL_GPIO_TogglePin(PR_GPIO_Port, PR_Pin);
      |                                   ^~~~~~
      |                                   D6_Pin
../Core/Src/display.c:54:20: error: 'PY_GPIO_Port' undeclared (first use in this function); did you mean 'A0_GPIO_Port'?
   54 |  HAL_GPIO_WritePin(PY_GPIO_Port, PY_Pin, SET);
      |                    ^~~~~~~~~~~~
      |                    A0_GPIO_Port
../Core/Src/display.c:54:34: error: 'PY_Pin' undeclared (first use in this function); did you mean 'D6_Pin'?
   54 |  HAL_GPIO_WritePin(PY_GPIO_Port, PY_Pin, SET);
      |                                  ^~~~~~
      |                                  D6_Pin
../Core/Src/display.c:55:20: error: 'PG_GPIO_Port' undeclared (first use in this function); did you mean 'A0_GPIO_Port'?
   55 |  HAL_GPIO_WritePin(PG_GPIO_Port, PG_Pin, SET);
      |                    ^~~~~~~~~~~~
      |                    A0_GPIO_Port
../Core/Src/display.c:55:34: error: 'PG_Pin' undeclared (first use in this function); did you mean 'D6_Pin'?
   55 |  HAL_GPIO_WritePin(PG_GPIO_Port, PG_Pin, SET);
      |                                  ^~~~~~
      |                                  D6_Pin
../Core/Src/display.c: In function 'toggle_yellow':
../Core/Src/display.c:59:20: error: 'LR_GPIO_Port' undeclared (first use in this function); did you mean 'A0_GPIO_Port'?
   59 |  HAL_GPIO_WritePin(LR_GPIO_Port, LR_Pin, SET);
      |                    ^~~~~~~~~~~~
      |                    A0_GPIO_Port
../Core/Src/display.c:59:34: error: 'LR_Pin' undeclared (first use in this function); did you mean 'D6_Pin'?
   59 |  HAL_GPIO_WritePin(LR_GPIO_Port, LR_Pin, SET);
      |                                  ^~~~~~
      |                                  D6_Pin
../Core/Src/display.c:60:21: error: 'LY_GPIO_Port' undeclared (first use in this function); did you mean 'A0_GPIO_Port'?
   60 |  HAL_GPIO_TogglePin(LY_GPIO_Port, LY_Pin);
      |                     ^~~~~~~~~~~~
      |                     A0_GPIO_Port
../Core/Src/display.c:60:35: error: 'LY_Pin' undeclared (first use in this function); did you mean 'D6_Pin'?
   60 |  HAL_GPIO_TogglePin(LY_GPIO_Port, LY_Pin);
      |                                   ^~~~~~
      |                                   D6_Pin
../Core/Src/display.c:61:20: error: 'LG_GPIO_Port' undeclared (first use in this function); did you mean 'A0_GPIO_Port'?
   61 |  HAL_GPIO_WritePin(LG_GPIO_Port, LG_Pin, SET);
      |                    ^~~~~~~~~~~~
      |                    A0_GPIO_Port
../Core/Src/display.c:61:34: error: 'LG_Pin' undeclared (first use in this function); did you mean 'D6_Pin'?
   61 |  HAL_GPIO_WritePin(LG_GPIO_Port, LG_Pin, SET);
      |                                  ^~~~~~
      |                                  D6_Pin
../Core/Src/display.c:62:20: error: 'PR_GPIO_Port' undeclared (first use in this function); did you mean 'A0_GPIO_Port'?
   62 |  HAL_GPIO_WritePin(PR_GPIO_Port, PR_Pin, SET);
      |                    ^~~~~~~~~~~~
      |                    A0_GPIO_Port
../Core/Src/display.c:62:34: error: 'PR_Pin' undeclared (first use in this function); did you mean 'D6_Pin'?
   62 |  HAL_GPIO_WritePin(PR_GPIO_Port, PR_Pin, SET);
      |                                  ^~~~~~
      |                                  D6_Pin
../Core/Src/display.c:63:21: error: 'PY_GPIO_Port' undeclared (first use in this function); did you mean 'A0_GPIO_Port'?
   63 |  HAL_GPIO_TogglePin(PY_GPIO_Port, PY_Pin);
      |                     ^~~~~~~~~~~~
      |                     A0_GPIO_Port
../Core/Src/display.c:63:35: error: 'PY_Pin' undeclared (first use in this function); did you mean 'D6_Pin'?
   63 |  HAL_GPIO_TogglePin(PY_GPIO_Port, PY_Pin);
      |                                   ^~~~~~
      |                                   D6_Pin
../Core/Src/display.c:64:20: error: 'PG_GPIO_Port' undeclared (first use in this function); did you mean 'A0_GPIO_Port'?
   64 |  HAL_GPIO_WritePin(PG_GPIO_Port, PG_Pin, SET);
      |                    ^~~~~~~~~~~~
      |                    A0_GPIO_Port
../Core/Src/display.c:64:34: error: 'PG_Pin' undeclared (first use in this function); did you mean 'D6_Pin'?
   64 |  HAL_GPIO_WritePin(PG_GPIO_Port, PG_Pin, SET);
      |                                  ^~~~~~
      |                                  D6_Pin
../Core/Src/display.c: In function 'toggle_green':
../Core/Src/display.c:68:20: error: 'LR_GPIO_Port' undeclared (first use in this function); did you mean 'A0_GPIO_Port'?
   68 |  HAL_GPIO_WritePin(LR_GPIO_Port, LR_Pin, SET);
      |                    ^~~~~~~~~~~~
      |                    A0_GPIO_Port
../Core/Src/display.c:68:34: error: 'LR_Pin' undeclared (first use in this function); did you mean 'D6_Pin'?
   68 |  HAL_GPIO_WritePin(LR_GPIO_Port, LR_Pin, SET);
      |                                  ^~~~~~
      |                                  D6_Pin
../Core/Src/display.c:69:20: error: 'LY_GPIO_Port' undeclared (first use in this function); did you mean 'A0_GPIO_Port'?
   69 |  HAL_GPIO_WritePin(LY_GPIO_Port, LY_Pin, SET);
      |                    ^~~~~~~~~~~~
      |                    A0_GPIO_Port
../Core/Src/display.c:69:34: error: 'LY_Pin' undeclared (first use in this function); did you mean 'D6_Pin'?
   69 |  HAL_GPIO_WritePin(LY_GPIO_Port, LY_Pin, SET);
      |                                  ^~~~~~
      |                                  D6_Pin
../Core/Src/display.c:70:21: error: 'LG_GPIO_Port' undeclared (first use in this function); did you mean 'A0_GPIO_Port'?
   70 |  HAL_GPIO_TogglePin(LG_GPIO_Port, LG_Pin);
      |                     ^~~~~~~~~~~~
      |                     A0_GPIO_Port
../Core/Src/display.c:70:35: error: 'LG_Pin' undeclared (first use in this function); did you mean 'D6_Pin'?
   70 |  HAL_GPIO_TogglePin(LG_GPIO_Port, LG_Pin);
      |                                   ^~~~~~
      |                                   D6_Pin
../Core/Src/display.c:71:20: error: 'PR_GPIO_Port' undeclared (first use in this function); did you mean 'A0_GPIO_Port'?
   71 |  HAL_GPIO_WritePin(PR_GPIO_Port, PR_Pin, SET);
      |                    ^~~~~~~~~~~~
      |                    A0_GPIO_Port
../Core/Src/display.c:71:34: error: 'PR_Pin' undeclared (first use in this function); did you mean 'D6_Pin'?
   71 |  HAL_GPIO_WritePin(PR_GPIO_Port, PR_Pin, SET);
      |                                  ^~~~~~
      |                                  D6_Pin
../Core/Src/display.c:72:20: error: 'PY_GPIO_Port' undeclared (first use in this function); did you mean 'A0_GPIO_Port'?
   72 |  HAL_GPIO_WritePin(PY_GPIO_Port, PY_Pin, SET);
      |                    ^~~~~~~~~~~~
      |                    A0_GPIO_Port
../Core/Src/display.c:72:34: error: 'PY_Pin' undeclared (first use in this function); did you mean 'D6_Pin'?
   72 |  HAL_GPIO_WritePin(PY_GPIO_Port, PY_Pin, SET);
      |                                  ^~~~~~
      |                                  D6_Pin
../Core/Src/display.c:73:21: error: 'PG_GPIO_Port' undeclared (first use in this function); did you mean 'A0_GPIO_Port'?
   73 |  HAL_GPIO_TogglePin(PG_GPIO_Port, PG_Pin);
      |                     ^~~~~~~~~~~~
      |                     A0_GPIO_Port
../Core/Src/display.c:73:35: error: 'PG_Pin' undeclared (first use in this function); did you mean 'D6_Pin'?
   73 |  HAL_GPIO_TogglePin(PG_GPIO_Port, PG_Pin);
      |                                   ^~~~~~
      |                                   D6_Pin
make: *** [Core/Src/subdir.mk:49: Core/Src/display.o] Error 1
make: *** Waiting for unfinished jobs....
"make -j4 all" terminated with exit code 2. Build might be incomplete.
16:05:21 **** Incremental Build of configuration Debug for project MCU-Assignment ****
make -j4 all 
arm-none-eabi-gcc "../Core/Src/button.c" -mcpu=cortex-m3 -std=gnu11 -g3 -DDEBUG -DUSE_HAL_DRIVER -DSTM32F103xB -c -I../Core/Inc -I../Drivers/STM32F1xx_HAL_Driver/Inc -I../Drivers/STM32F1xx_HAL_Driver/Inc/Legacy -I../Drivers/CMSIS/Device/ST/STM32F1xx/Include -I../Drivers/CMSIS/Include -O0 -ffunction-sections -fdata-sections -Wall -fstack-usage -MMD -MP -MF"Core/Src/button.d" -MT"Core/Src/button.o" --specs=nano.specs -mfloat-abi=soft -mthumb -o "Core/Src/button.o"
arm-none-eabi-gcc "../Core/Src/display.c" -mcpu=cortex-m3 -std=gnu11 -g3 -DDEBUG -DUSE_HAL_DRIVER -DSTM32F103xB -c -I../Core/Inc -I../Drivers/STM32F1xx_HAL_Driver/Inc -I../Drivers/STM32F1xx_HAL_Driver/Inc/Legacy -I../Drivers/CMSIS/Device/ST/STM32F1xx/Include -I../Drivers/CMSIS/Include -O0 -ffunction-sections -fdata-sections -Wall -fstack-usage -MMD -MP -MF"Core/Src/display.d" -MT"Core/Src/display.o" --specs=nano.specs -mfloat-abi=soft -mthumb -o "Core/Src/display.o"
arm-none-eabi-gcc "../Core/Src/software_timer.c" -mcpu=cortex-m3 -std=gnu11 -g3 -DDEBUG -DUSE_HAL_DRIVER -DSTM32F103xB -c -I../Core/Inc -I../Drivers/STM32F1xx_HAL_Driver/Inc -I../Drivers/STM32F1xx_HAL_Driver/Inc/Legacy -I../Drivers/CMSIS/Device/ST/STM32F1xx/Include -I../Drivers/CMSIS/Include -O0 -ffunction-sections -fdata-sections -Wall -fstack-usage -MMD -MP -MF"Core/Src/software_timer.d" -MT"Core/Src/software_timer.o" --specs=nano.specs -mfloat-abi=soft -mthumb -o "Core/Src/software_timer.o"
arm-none-eabi-gcc "../Core/Src/stm32f1xx_hal_msp.c" -mcpu=cortex-m3 -std=gnu11 -g3 -DDEBUG -DUSE_HAL_DRIVER -DSTM32F103xB -c -I../Core/Inc -I../Drivers/STM32F1xx_HAL_Driver/Inc -I../Drivers/STM32F1xx_HAL_Driver/Inc/Legacy -I../Drivers/CMSIS/Device/ST/STM32F1xx/Include -I../Drivers/CMSIS/Include -O0 -ffunction-sections -fdata-sections -Wall -fstack-usage -MMD -MP -MF"Core/Src/stm32f1xx_hal_msp.d" -MT"Core/Src/stm32f1xx_hal_msp.o" --specs=nano.specs -mfloat-abi=soft -mthumb -o "Core/Src/stm32f1xx_hal_msp.o"
arm-none-eabi-gcc "../Core/Src/stm32f1xx_it.c" -mcpu=cortex-m3 -std=gnu11 -g3 -DDEBUG -DUSE_HAL_DRIVER -DSTM32F103xB -c -I../Core/Inc -I../Drivers/STM32F1xx_HAL_Driver/Inc -I../Drivers/STM32F1xx_HAL_Driver/Inc/Legacy -I../Drivers/CMSIS/Device/ST/STM32F1xx/Include -I../Drivers/CMSIS/Include -O0 -ffunction-sections -fdata-sections -Wall -fstack-usage -MMD -MP -MF"Core/Src/stm32f1xx_it.d" -MT"Core/Src/stm32f1xx_it.o" --specs=nano.specs -mfloat-abi=soft -mthumb -o "Core/Src/stm32f1xx_it.o"
arm-none-eabi-gcc "../Core/Src/system_stm32f1xx.c" -mcpu=cortex-m3 -std=gnu11 -g3 -DDEBUG -DUSE_HAL_DRIVER -DSTM32F103xB -c -I../Core/Inc -I../Drivers/STM32F1xx_HAL_Driver/Inc -I../Drivers/STM32F1xx_HAL_Driver/Inc/Legacy -I../Drivers/CMSIS/Device/ST/STM32F1xx/Include -I../Drivers/CMSIS/Include -O0 -ffunction-sections -fdata-sections -Wall -fstack-usage -MMD -MP -MF"Core/Src/system_stm32f1xx.d" -MT"Core/Src/system_stm32f1xx.o" --specs=nano.specs -mfloat-abi=soft -mthumb -o "Core/Src/system_stm32f1xx.o"
arm-none-eabi-gcc -o "MCU-Assignment.elf" @"objects.list"   -mcpu=cortex-m3 -T"D:\Workspace\Lab MCU\Project Assignment\STM32\MCU-Assignment\STM32F103RBTX_FLASH.ld" --specs=nosys.specs -Wl,-Map="MCU-Assignment.map" -Wl,--gc-sections -static --specs=nano.specs -mfloat-abi=soft -mthumb -Wl,--start-group -lc -lm -Wl,--end-group
Finished building target: MCU-Assignment.elf
 
arm-none-eabi-size   MCU-Assignment.elf 
arm-none-eabi-objdump -h -S  MCU-Assignment.elf  > "MCU-Assignment.list"
arm-none-eabi-objcopy  -O ihex  MCU-Assignment.elf  "MCU-Assignment.hex"
arm-none-eabi-objcopy  -O binary  MCU-Assignment.elf  "MCU-Assignment.bin"
   text	   data	    bss	    dec	    hex	filename
  19124	    216	   1960	  21300	   5334	MCU-Assignment.elf
Finished building: default.size.stdout
 
Finished building: MCU-Assignment.hex
Finished building: MCU-Assignment.bin
Finished building: MCU-Assignment.list
 
 
 
16:15:59 **** Incremental Build of configuration Debug for project MCU-Assignment ****
make -j4 all 
arm-none-eabi-size   MCU-Assignment.elf 
   text	   data	    bss	    dec	    hex	filename
  19124	    216	   1960	  21300	   5334	MCU-Assignment.elf
Finished building: default.size.stdout
 
16:16:06 **** Incremental Build of configuration Debug for project MCU-Assignment ****
make -j4 all 
arm-none-eabi-size   MCU-Assignment.elf 
   text	   data	    bss	    dec	    hex	filename
  19124	    216	   1960	  21300	   5334	MCU-Assignment.elf
Finished building: default.size.stdout
 
16:18:26 **** Incremental Build of configuration Debug for project MCU-Assignment ****
make -j4 all 
arm-none-eabi-size   MCU-Assignment.elf 
   text	   data	    bss	    dec	    hex	filename
  19124	    216	   1960	  21300	   5334	MCU-Assignment.elf
Finished building: default.size.stdout
 
16:21:50 **** Incremental Build of configuration Debug for project MCU-Assignment ****
make -j4 all 
arm-none-eabi-size   MCU-Assignment.elf 
   text	   data	    bss	    dec	    hex	filename
  19124	    216	   1960	  21300	   5334	MCU-Assignment.elf
Finished building: default.size.stdout
 
16:22:41 **** Incremental Build of configuration Debug for project MCU-Assignment ****
make -j4 all 
arm-none-eabi-size   MCU-Assignment.elf 
   text	   data	    bss	    dec	    hex	filename
  19124	    216	   1960	  21300	   5334	MCU-Assignment.elf
Finished building: default.size.stdout
 
16:23:14 **** Incremental Build of configuration Debug for project MCU-Assignment ****
make -j4 all 
arm-none-eabi-size   MCU-Assignment.elf 
   text	   data	    bss	    dec	    hex	filename
  19124	    216	   1960	  21300	   5334	MCU-Assignment.elf
Finished building: default.size.stdout
 
16:23:17 **** Incremental Build of configuration Debug for project MCU-Assignment ****
make -j4 all 
arm-none-eabi-size   MCU-Assignment.elf 
   text	   data	    bss	    dec	    hex	filename
  19124	    216	   1960	  21300	   5334	MCU-Assignment.elf
Finished building: default.size.stdout
 
16:25:48 **** Incremental Build of configuration Debug for project MCU-Assignment ****
make -j4 all 
arm-none-eabi-size   MCU-Assignment.elf 
   text	   data	    bss	    dec	    hex	filename
  19124	    216	   1960	  21300	   5334	MCU-Assignment.elf
Finished building: default.size.stdout
 
16:29:40 **** Incremental Build of configuration Debug for project MCU-Assignment ****
make -j4 all 
arm-none-eabi-size   MCU-Assignment.elf 
   text	   data	    bss	    dec	    hex	filename
  19124	    216	   1960	  21300	   5334	MCU-Assignment.elf
Finished building: default.size.stdout
 
16:42:32 **** Incremental Build of configuration Debug for project MCU-Assignment ****
make -j4 all 
arm-none-eabi-size   MCU-Assignment.elf 
   text	   data	    bss	    dec	    hex	filename
  19124	    216	   1960	  21300	   5334	MCU-Assignment.elf
Finished building: default.size.stdout
 
